<html>
<body>
<pre>
<h1>礦ision Build Log</h1>
<h2>Project:</h2>
C:\Documents and Settings\administrator\桌面\zmh\Ex09-LCD-2416\LCD.uvproj
Project File Date:  05/29/2018

<h2>Output:</h2>
compiling main.c...
..\BSP\include\game.h(10): warning:  #260-D: explicit type is missing ("int" assumed)
..\BSP\include\game.h(11): warning:  #1295-D: Deprecated declaration QueueInitiate - give arg types
..\BSP\include\game.h(13): warning:  #1295-D: Deprecated declaration QueueDelete - give arg types
..\BSP\include\game.h(14): warning:  #1295-D: Deprecated declaration QueueGetX - give arg types
..\BSP\include\game.h(15): warning:  #1295-D: Deprecated declaration QueueGetY - give arg types
..\BSP\include\game.h(16): warning:  #1295-D: Deprecated declaration QueueGetLastX - give arg types
..\BSP\include\game.h(17): warning:  #1295-D: Deprecated declaration QueueGetLastY - give arg types
..\BSP\include\game.h(18): warning:  #1295-D: Deprecated declaration gameInitial - give arg types
..\BSP\include\game.h(19): warning:  #1295-D: Deprecated declaration gameOn - give arg types
..\BSP\include\game.h(20): warning:  #1295-D: Deprecated declaration move - give arg types
..\BSP\include\game.h(21): warning:  #1295-D: Deprecated declaration DrawBoundary - give arg types
..\BSP\include\game.h(22): warning:  #1295-D: Deprecated declaration DrawSnake - give arg types
..\BSP\include\game.h(23): warning:  #1295-D: Deprecated declaration DrawFood - give arg types
..\BSP\include\game.h(24): warning:  #1295-D: Deprecated declaration DrawScore - give arg types
..\BSP\include\game.h(25): warning:  #1295-D: Deprecated declaration DrawName - give arg types
..\BSP\include\game.h(26): warning:  #1-D: last line of file ends without a newline
..\BSP\include\game.h(26): warning:  #14-D: extra text after expected end of preprocessing directive
Source\User\main.c(23): warning:  #223-D: function "init_timer0" declared implicitly
Source\User\main.c(24): warning:  #223-D: function "init_timer1" declared implicitly
Source\User\main.c - 0 Error(s), 19 Warning(s).
Build target 'LCD'
compiling game.c...
..\BSP\include\game.h(10): warning:  #260-D: explicit type is missing ("int" assumed)
..\BSP\include\game.h(11): warning:  #1295-D: Deprecated declaration QueueInitiate - give arg types
..\BSP\include\game.h(13): warning:  #1295-D: Deprecated declaration QueueDelete - give arg types
..\BSP\include\game.h(14): warning:  #1295-D: Deprecated declaration QueueGetX - give arg types
..\BSP\include\game.h(15): warning:  #1295-D: Deprecated declaration QueueGetY - give arg types
..\BSP\include\game.h(16): warning:  #1295-D: Deprecated declaration QueueGetLastX - give arg types
..\BSP\include\game.h(17): warning:  #1295-D: Deprecated declaration QueueGetLastY - give arg types
..\BSP\include\game.h(18): warning:  #1295-D: Deprecated declaration gameInitial - give arg types
..\BSP\include\game.h(19): warning:  #1295-D: Deprecated declaration gameOn - give arg types
..\BSP\include\game.h(20): warning:  #1295-D: Deprecated declaration move - give arg types
..\BSP\include\game.h(21): warning:  #1295-D: Deprecated declaration DrawBoundary - give arg types
..\BSP\include\game.h(22): warning:  #1295-D: Deprecated declaration DrawSnake - give arg types
..\BSP\include\game.h(23): warning:  #1295-D: Deprecated declaration DrawFood - give arg types
..\BSP\include\game.h(24): warning:  #1295-D: Deprecated declaration DrawScore - give arg types
..\BSP\include\game.h(25): warning:  #1295-D: Deprecated declaration DrawName - give arg types
..\BSP\include\game.h(26): warning:  #1-D: last line of file ends without a newline
..\BSP\include\game.h(26): warning:  #14-D: extra text after expected end of preprocessing directive
..\BSP\source\game.c(187): warning:  #223-D: function "sprintf" declared implicitly
..\BSP\source\game.c(189): warning:  #167-D: argument of type "char *" is incompatible with parameter of type "unsigned char *"
..\BSP\source\game.c(195): warning:  #223-D: function "rand" declared implicitly
..\BSP\source\game.c(298): warning:  #1-D: last line of file ends without a newline
compiling timer.c...
..\BSP\include\game.h(10): warning:  #260-D: explicit type is missing ("int" assumed)
..\BSP\include\game.h(11): warning:  #1295-D: Deprecated declaration QueueInitiate - give arg types
..\BSP\include\game.h(13): warning:  #1295-D: Deprecated declaration QueueDelete - give arg types
..\BSP\include\game.h(14): warning:  #1295-D: Deprecated declaration QueueGetX - give arg types
..\BSP\include\game.h(15): warning:  #1295-D: Deprecated declaration QueueGetY - give arg types
..\BSP\include\game.h(16): warning:  #1295-D: Deprecated declaration QueueGetLastX - give arg types
..\BSP\include\game.h(17): warning:  #1295-D: Deprecated declaration QueueGetLastY - give arg types
..\BSP\include\game.h(18): warning:  #1295-D: Deprecated declaration gameInitial - give arg types
..\BSP\include\game.h(19): warning:  #1295-D: Deprecated declaration gameOn - give arg types
..\BSP\include\game.h(20): warning:  #1295-D: Deprecated declaration move - give arg types
..\BSP\include\game.h(21): warning:  #1295-D: Deprecated declaration DrawBoundary - give arg types
..\BSP\include\game.h(22): warning:  #1295-D: Deprecated declaration DrawSnake - give arg types
..\BSP\include\game.h(23): warning:  #1295-D: Deprecated declaration DrawFood - give arg types
..\BSP\include\game.h(24): warning:  #1295-D: Deprecated declaration DrawScore - give arg types
..\BSP\include\game.h(25): warning:  #1295-D: Deprecated declaration DrawName - give arg types
..\BSP\include\game.h(26): warning:  #1-D: last line of file ends without a newline
..\BSP\include\game.h(26): warning:  #14-D: extra text after expected end of preprocessing directive
..\Drivers\source\timer.c(30): warning:  #940-D: missing return statement at end of non-void function "init_timer0"
..\Drivers\source\timer.c(45): warning:  #940-D: missing return statement at end of non-void function "init_timer1"
linking...
Program Size: Code=4212 RO-data=5612 RW-data=64 ZI-data=30944  
".\Obj\test.axf" - 0 Error(s), 40 Warning(s).
Load "C:\\Documents and Settings\\administrator\\桌面\\zmh\\Ex09-LCD-2416\\Obj\\test.AXF" 
Load "C:\\Documents and Settings\\administrator\\桌面\\zmh\\Ex09-LCD-2416\\Obj\\test.AXF" 
Load "C:\\Documents and Settings\\administrator\\桌面\\zmh\\Ex09-LCD-2416\\Obj\\test.AXF" 
* JLink Info: Device "LPC1768" selected (512 KB flash, 32 KB RAM).
Set JLink Project File to "C:\Documents and Settings\administrator\桌面\zmh\Ex09-LCD-2416\JLinkSettings.ini"
 
JLink info:
------------
DLL: V4.50j, compiled Jun 26 2012 09:19:07
Firmware: J-Link ARM-OB STM32 compiled Aug 22 2012 19:52:04
Hardware: V7.00
S/N : 20090928 
Feature(s) : RDI,FlashDL,FlashBP,JFlash,GDBFull 
 
* JLink Info: TotalIRLen = 4, IRPrint = 0x01
* JLink Info: Found Cortex-M3 r2p0, Little endian.
* JLink Info: TPIU fitted.
* JLink Info: ETM fitted.
* JLink Info: FPUnit: 6 code (BP) slots and 2 literal slots
ROMTableAddr = 0xE00FF003
* JLink Info: Found Cortex-M3 r2p0, Little endian.
* JLink Info: TPIU fitted.
* JLink Info: ETM fitted.
* JLink Info: FPUnit: 6 code (BP) slots and 2 literal slots
 
Target info:
------------
Device: LPC1768
VTarget = 3.300V
State of Pins: 
TCK: 1, TDI: 0, TDO: 1, TMS: 0, TRES: 1, TRST: 1
Hardware-Breakpoints: 6
Software-Breakpoints: 8192
Watchpoints:          4
JTAG speed: 4000 kHz
 
Erase Done.
Programming Done.
Verify OK.
compiling game.c...
..\BSP\include\game.h(10): warning:  #260-D: explicit type is missing ("int" assumed)
..\BSP\include\game.h(11): warning:  #1295-D: Deprecated declaration QueueInitiate - give arg types
..\BSP\include\game.h(13): warning:  #1295-D: Deprecated declaration QueueDelete - give arg types
..\BSP\include\game.h(14): warning:  #1295-D: Deprecated declaration QueueGetX - give arg types
..\BSP\include\game.h(15): warning:  #1295-D: Deprecated declaration QueueGetY - give arg types
..\BSP\include\game.h(16): warning:  #1295-D: Deprecated declaration QueueGetLastX - give arg types
..\BSP\include\game.h(17): warning:  #1295-D: Deprecated declaration QueueGetLastY - give arg types
..\BSP\include\game.h(18): warning:  #1295-D: Deprecated declaration gameInitial - give arg types
..\BSP\include\game.h(19): warning:  #1295-D: Deprecated declaration gameOn - give arg types
..\BSP\include\game.h(20): warning:  #1295-D: Deprecated declaration move - give arg types
..\BSP\include\game.h(21): warning:  #1295-D: Deprecated declaration DrawBoundary - give arg types
..\BSP\include\game.h(22): warning:  #1295-D: Deprecated declaration DrawSnake - give arg types
..\BSP\include\game.h(23): warning:  #1295-D: Deprecated declaration DrawFood - give arg types
..\BSP\include\game.h(24): warning:  #1295-D: Deprecated declaration DrawScore - give arg types
..\BSP\include\game.h(25): warning:  #1295-D: Deprecated declaration DrawName - give arg types
..\BSP\include\game.h(26): warning:  #1-D: last line of file ends without a newline
..\BSP\include\game.h(26): warning:  #14-D: extra text after expected end of preprocessing directive
..\BSP\source\game.c(187): warning:  #223-D: function "sprintf" declared implicitly
..\BSP\source\game.c(189): warning:  #167-D: argument of type "char *" is incompatible with parameter of type "unsigned char *"
..\BSP\source\game.c(195): warning:  #223-D: function "rand" declared implicitly
..\BSP\source\game.c(298): warning:  #1-D: last line of file ends without a newline
..\BSP\source\game.c - 0 Error(s), 21 Warning(s).
Build target 'LCD'
linking...
Program Size: Code=4212 RO-data=5612 RW-data=64 ZI-data=30944  
".\Obj\test.axf" - 0 Error(s), 0 Warning(s).
Load "C:\\Documents and Settings\\administrator\\桌面\\zmh\\Ex09-LCD-2416\\Obj\\test.AXF" 
* JLink Info: Device "LPC1768" selected (512 KB flash, 32 KB RAM).
Set JLink Project File to "C:\Documents and Settings\administrator\桌面\zmh\Ex09-LCD-2416\JLinkSettings.ini"
 
JLink info:
------------
DLL: V4.50j, compiled Jun 26 2012 09:19:07
Firmware: J-Link ARM-OB STM32 compiled Aug 22 2012 19:52:04
Hardware: V7.00
S/N : 20090928 
Feature(s) : RDI,FlashDL,FlashBP,JFlash,GDBFull 
 
* JLink Info: TotalIRLen = 4, IRPrint = 0x01
* JLink Info: Found Cortex-M3 r2p0, Little endian.
* JLink Info: TPIU fitted.
* JLink Info: ETM fitted.
* JLink Info: FPUnit: 6 code (BP) slots and 2 literal slots
ROMTableAddr = 0xE00FF003
* JLink Info: Found Cortex-M3 r2p0, Little endian.
* JLink Info: TPIU fitted.
* JLink Info: ETM fitted.
* JLink Info: FPUnit: 6 code (BP) slots and 2 literal slots
 
Target info:
------------
Device: LPC1768
VTarget = 3.300V
State of Pins: 
TCK: 1, TDI: 0, TDO: 1, TMS: 0, TRES: 1, TRST: 1
Hardware-Breakpoints: 6
Software-Breakpoints: 8192
Watchpoints:          4
JTAG speed: 4000 kHz
 
Erase Done.
Programming Done.
Verify OK.
compiling main.c...
..\BSP\include\game.h(10): warning:  #260-D: explicit type is missing ("int" assumed)
..\BSP\include\game.h(11): warning:  #1295-D: Deprecated declaration QueueInitiate - give arg types
..\BSP\include\game.h(13): warning:  #1295-D: Deprecated declaration QueueDelete - give arg types
..\BSP\include\game.h(14): warning:  #1295-D: Deprecated declaration QueueGetX - give arg types
..\BSP\include\game.h(15): warning:  #1295-D: Deprecated declaration QueueGetY - give arg types
..\BSP\include\game.h(16): warning:  #1295-D: Deprecated declaration QueueGetLastX - give arg types
..\BSP\include\game.h(17): warning:  #1295-D: Deprecated declaration QueueGetLastY - give arg types
..\BSP\include\game.h(18): warning:  #1295-D: Deprecated declaration gameInitial - give arg types
..\BSP\include\game.h(19): warning:  #1295-D: Deprecated declaration gameOn - give arg types
..\BSP\include\game.h(20): warning:  #1295-D: Deprecated declaration move - give arg types
..\BSP\include\game.h(21): warning:  #1295-D: Deprecated declaration DrawBoundary - give arg types
..\BSP\include\game.h(22): warning:  #1295-D: Deprecated declaration DrawSnake - give arg types
..\BSP\include\game.h(23): warning:  #1295-D: Deprecated declaration DrawFood - give arg types
..\BSP\include\game.h(24): warning:  #1295-D: Deprecated declaration DrawScore - give arg types
..\BSP\include\game.h(25): warning:  #1295-D: Deprecated declaration DrawName - give arg types
..\BSP\include\game.h(26): warning:  #1-D: last line of file ends without a newline
..\BSP\include\game.h(26): warning:  #14-D: extra text after expected end of preprocessing directive
Source\User\main.c(22): warning:  #223-D: function "DelayMs" declared implicitly
Source\User\main.c(24): warning:  #223-D: function "init_timer0" declared implicitly
Source\User\main.c(25): warning:  #223-D: function "init_timer1" declared implicitly
Source\User\main.c - 0 Error(s), 20 Warning(s).
Build target 'LCD'
linking...
Program Size: Code=4448 RO-data=30412 RW-data=64 ZI-data=30944  
".\Obj\test.axf" - 0 Error(s), 0 Warning(s).
Load "C:\\Documents and Settings\\administrator\\桌面\\zmh\\Ex09-LCD-2416\\Obj\\test.AXF" 
* JLink Info: Device "LPC1768" selected (512 KB flash, 32 KB RAM).
Set JLink Project File to "C:\Documents and Settings\administrator\桌面\zmh\Ex09-LCD-2416\JLinkSettings.ini"
 
JLink info:
------------
DLL: V4.50j, compiled Jun 26 2012 09:19:07
Firmware: J-Link ARM-OB STM32 compiled Aug 22 2012 19:52:04
Hardware: V7.00
S/N : 20090928 
Feature(s) : RDI,FlashDL,FlashBP,JFlash,GDBFull 
 
* JLink Info: TotalIRLen = 4, IRPrint = 0x01
* JLink Info: Found Cortex-M3 r2p0, Little endian.
* JLink Info: TPIU fitted.
* JLink Info: ETM fitted.
* JLink Info: FPUnit: 6 code (BP) slots and 2 literal slots
ROMTableAddr = 0xE00FF003
* JLink Info: Found Cortex-M3 r2p0, Little endian.
* JLink Info: TPIU fitted.
* JLink Info: ETM fitted.
* JLink Info: FPUnit: 6 code (BP) slots and 2 literal slots
 
Target info:
------------
Device: LPC1768
VTarget = 3.300V
State of Pins: 
TCK: 1, TDI: 0, TDO: 1, TMS: 0, TRES: 1, TRST: 1
Hardware-Breakpoints: 6
Software-Breakpoints: 8192
Watchpoints:          4
JTAG speed: 4000 kHz
 
Erase Done.
Programming Done.
Verify OK.
compiling main.c...
..\BSP\include\game.h(10): warning:  #260-D: explicit type is missing ("int" assumed)
..\BSP\include\game.h(11): warning:  #1295-D: Deprecated declaration QueueInitiate - give arg types
..\BSP\include\game.h(13): warning:  #1295-D: Deprecated declaration QueueDelete - give arg types
..\BSP\include\game.h(14): warning:  #1295-D: Deprecated declaration QueueGetX - give arg types
..\BSP\include\game.h(15): warning:  #1295-D: Deprecated declaration QueueGetY - give arg types
..\BSP\include\game.h(16): warning:  #1295-D: Deprecated declaration QueueGetLastX - give arg types
..\BSP\include\game.h(17): warning:  #1295-D: Deprecated declaration QueueGetLastY - give arg types
..\BSP\include\game.h(18): warning:  #1295-D: Deprecated declaration gameInitial - give arg types
..\BSP\include\game.h(19): warning:  #1295-D: Deprecated declaration gameOn - give arg types
..\BSP\include\game.h(20): warning:  #1295-D: Deprecated declaration move - give arg types
..\BSP\include\game.h(21): warning:  #1295-D: Deprecated declaration DrawBoundary - give arg types
..\BSP\include\game.h(22): warning:  #1295-D: Deprecated declaration DrawSnake - give arg types
..\BSP\include\game.h(23): warning:  #1295-D: Deprecated declaration DrawFood - give arg types
..\BSP\include\game.h(24): warning:  #1295-D: Deprecated declaration DrawScore - give arg types
..\BSP\include\game.h(25): warning:  #1295-D: Deprecated declaration DrawName - give arg types
..\BSP\include\game.h(26): warning:  #1-D: last line of file ends without a newline
..\BSP\include\game.h(26): warning:  #14-D: extra text after expected end of preprocessing directive
Source\User\main.c(20): warning:  #223-D: function "init_timer0" declared implicitly
Source\User\main.c(23): warning:  #223-D: function "DelayMs" declared implicitly
Source\User\main.c(25): warning:  #223-D: function "init_timer1" declared implicitly
Source\User\main.c - 0 Error(s), 20 Warning(s).
Build target 'LCD'
linking...
Program Size: Code=4448 RO-data=30412 RW-data=64 ZI-data=30944  
".\Obj\test.axf" - 0 Error(s), 0 Warning(s).
Load "C:\\Documents and Settings\\administrator\\桌面\\zmh\\Ex09-LCD-2416\\Obj\\test.AXF" 
* JLink Info: Device "LPC1768" selected (512 KB flash, 32 KB RAM).
Set JLink Project File to "C:\Documents and Settings\administrator\桌面\zmh\Ex09-LCD-2416\JLinkSettings.ini"
 
JLink info:
------------
DLL: V4.50j, compiled Jun 26 2012 09:19:07
Firmware: J-Link ARM-OB STM32 compiled Aug 22 2012 19:52:04
Hardware: V7.00
S/N : 20090928 
Feature(s) : RDI,FlashDL,FlashBP,JFlash,GDBFull 
 
* JLink Info: TotalIRLen = 4, IRPrint = 0x01
* JLink Info: Found Cortex-M3 r2p0, Little endian.
* JLink Info: TPIU fitted.
* JLink Info: ETM fitted.
* JLink Info: FPUnit: 6 code (BP) slots and 2 literal slots
ROMTableAddr = 0xE00FF003
* JLink Info: Found Cortex-M3 r2p0, Little endian.
* JLink Info: TPIU fitted.
* JLink Info: ETM fitted.
* JLink Info: FPUnit: 6 code (BP) slots and 2 literal slots
 
Target info:
------------
Device: LPC1768
VTarget = 3.300V
State of Pins: 
TCK: 1, TDI: 0, TDO: 1, TMS: 0, TRES: 1, TRST: 1
Hardware-Breakpoints: 6
Software-Breakpoints: 8192
Watchpoints:          4
JTAG speed: 4000 kHz
 
Erase Done.
Programming Done.
Verify OK.
compiling main.c...
..\BSP\include\game.h(10): warning:  #260-D: explicit type is missing ("int" assumed)
..\BSP\include\game.h(11): warning:  #1295-D: Deprecated declaration QueueInitiate - give arg types
..\BSP\include\game.h(13): warning:  #1295-D: Deprecated declaration QueueDelete - give arg types
..\BSP\include\game.h(14): warning:  #1295-D: Deprecated declaration QueueGetX - give arg types
..\BSP\include\game.h(15): warning:  #1295-D: Deprecated declaration QueueGetY - give arg types
..\BSP\include\game.h(16): warning:  #1295-D: Deprecated declaration QueueGetLastX - give arg types
..\BSP\include\game.h(17): warning:  #1295-D: Deprecated declaration QueueGetLastY - give arg types
..\BSP\include\game.h(18): warning:  #1295-D: Deprecated declaration gameInitial - give arg types
..\BSP\include\game.h(19): warning:  #1295-D: Deprecated declaration gameOn - give arg types
..\BSP\include\game.h(20): warning:  #1295-D: Deprecated declaration move - give arg types
..\BSP\include\game.h(21): warning:  #1295-D: Deprecated declaration DrawBoundary - give arg types
..\BSP\include\game.h(22): warning:  #1295-D: Deprecated declaration DrawSnake - give arg types
..\BSP\include\game.h(23): warning:  #1295-D: Deprecated declaration DrawFood - give arg types
..\BSP\include\game.h(24): warning:  #1295-D: Deprecated declaration DrawScore - give arg types
..\BSP\include\game.h(25): warning:  #1295-D: Deprecated declaration DrawName - give arg types
..\BSP\include\game.h(26): warning:  #1-D: last line of file ends without a newline
..\BSP\include\game.h(26): warning:  #14-D: extra text after expected end of preprocessing directive
Source\User\main.c(20): warning:  #223-D: function "init_timer0" declared implicitly
Source\User\main.c(24): warning:  #223-D: function "DelayMs" declared implicitly
Source\User\main.c(26): warning:  #223-D: function "init_timer1" declared implicitly
Source\User\main.c - 0 Error(s), 20 Warning(s).
Build target 'LCD'
linking...
Program Size: Code=4472 RO-data=30412 RW-data=64 ZI-data=30944  
".\Obj\test.axf" - 0 Error(s), 0 Warning(s).
Load "C:\\Documents and Settings\\administrator\\桌面\\zmh\\Ex09-LCD-2416\\Obj\\test.AXF" 
* JLink Info: Device "LPC1768" selected (512 KB flash, 32 KB RAM).
Set JLink Project File to "C:\Documents and Settings\administrator\桌面\zmh\Ex09-LCD-2416\JLinkSettings.ini"
 
JLink info:
------------
DLL: V4.50j, compiled Jun 26 2012 09:19:07
Firmware: J-Link ARM-OB STM32 compiled Aug 22 2012 19:52:04
Hardware: V7.00
S/N : 20090928 
Feature(s) : RDI,FlashDL,FlashBP,JFlash,GDBFull 
 
* JLink Info: TotalIRLen = 4, IRPrint = 0x01
* JLink Info: Found Cortex-M3 r2p0, Little endian.
* JLink Info: TPIU fitted.
* JLink Info: ETM fitted.
* JLink Info: FPUnit: 6 code (BP) slots and 2 literal slots
ROMTableAddr = 0xE00FF003
* JLink Info: Found Cortex-M3 r2p0, Little endian.
* JLink Info: TPIU fitted.
* JLink Info: ETM fitted.
* JLink Info: FPUnit: 6 code (BP) slots and 2 literal slots
 
Target info:
------------
Device: LPC1768
VTarget = 3.300V
State of Pins: 
TCK: 1, TDI: 0, TDO: 1, TMS: 0, TRES: 1, TRST: 1
Hardware-Breakpoints: 6
Software-Breakpoints: 8192
Watchpoints:          4
JTAG speed: 4000 kHz
 
Erase Done.
Programming Done.
Verify OK.
compiling main.c...
..\BSP\include\game.h(10): warning:  #260-D: explicit type is missing ("int" assumed)
..\BSP\include\game.h(11): warning:  #1295-D: Deprecated declaration QueueInitiate - give arg types
..\BSP\include\game.h(13): warning:  #1295-D: Deprecated declaration QueueDelete - give arg types
..\BSP\include\game.h(14): warning:  #1295-D: Deprecated declaration QueueGetX - give arg types
..\BSP\include\game.h(15): warning:  #1295-D: Deprecated declaration QueueGetY - give arg types
..\BSP\include\game.h(16): warning:  #1295-D: Deprecated declaration QueueGetLastX - give arg types
..\BSP\include\game.h(17): warning:  #1295-D: Deprecated declaration QueueGetLastY - give arg types
..\BSP\include\game.h(18): warning:  #1295-D: Deprecated declaration gameInitial - give arg types
..\BSP\include\game.h(19): warning:  #1295-D: Deprecated declaration gameOn - give arg types
..\BSP\include\game.h(20): warning:  #1295-D: Deprecated declaration move - give arg types
..\BSP\include\game.h(21): warning:  #1295-D: Deprecated declaration DrawBoundary - give arg types
..\BSP\include\game.h(22): warning:  #1295-D: Deprecated declaration DrawSnake - give arg types
..\BSP\include\game.h(23): warning:  #1295-D: Deprecated declaration DrawFood - give arg types
..\BSP\include\game.h(24): warning:  #1295-D: Deprecated declaration DrawScore - give arg types
..\BSP\include\game.h(25): warning:  #1295-D: Deprecated declaration DrawName - give arg types
..\BSP\include\game.h(26): warning:  #1-D: last line of file ends without a newline
..\BSP\include\game.h(26): warning:  #14-D: extra text after expected end of preprocessing directive
Source\User\main.c(20): warning:  #223-D: function "init_timer0" declared implicitly
Source\User\main.c(24): warning:  #223-D: function "DelayMs" declared implicitly
Source\User\main.c(26): warning:  #223-D: function "init_timer1" declared implicitly
Source\User\main.c - 0 Error(s), 20 Warning(s).
Build target 'LCD'
linking...
Program Size: Code=4472 RO-data=30412 RW-data=64 ZI-data=30944  
".\Obj\test.axf" - 0 Error(s), 0 Warning(s).
Load "C:\\Documents and Settings\\administrator\\桌面\\zmh\\Ex09-LCD-2416\\Obj\\test.AXF" 
* JLink Info: Device "LPC1768" selected (512 KB flash, 32 KB RAM).
Set JLink Project File to "C:\Documents and Settings\administrator\桌面\zmh\Ex09-LCD-2416\JLinkSettings.ini"
 
JLink info:
------------
DLL: V4.50j, compiled Jun 26 2012 09:19:07
Firmware: J-Link ARM-OB STM32 compiled Aug 22 2012 19:52:04
Hardware: V7.00
S/N : 20090928 
Feature(s) : RDI,FlashDL,FlashBP,JFlash,GDBFull 
 
* JLink Info: TotalIRLen = 4, IRPrint = 0x01
* JLink Info: Found Cortex-M3 r2p0, Little endian.
* JLink Info: TPIU fitted.
* JLink Info: ETM fitted.
* JLink Info: FPUnit: 6 code (BP) slots and 2 literal slots
ROMTableAddr = 0xE00FF003
* JLink Info: Found Cortex-M3 r2p0, Little endian.
* JLink Info: TPIU fitted.
* JLink Info: ETM fitted.
* JLink Info: FPUnit: 6 code (BP) slots and 2 literal slots
 
Target info:
------------
Device: LPC1768
VTarget = 3.300V
State of Pins: 
TCK: 1, TDI: 0, TDO: 1, TMS: 0, TRES: 1, TRST: 1
Hardware-Breakpoints: 6
Software-Breakpoints: 8192
Watchpoints:          4
JTAG speed: 4000 kHz
 
Erase Done.
Programming Failed!
Load "C:\\Documents and Settings\\administrator\\桌面\\zmh\\Ex09-LCD-2416\\Obj\\test.AXF" 
* JLink Info: Device "LPC1768" selected (512 KB flash, 32 KB RAM).
Set JLink Project File to "C:\Documents and Settings\administrator\桌面\zmh\Ex09-LCD-2416\JLinkSettings.ini"
 
JLink info:
------------
DLL: V4.50j, compiled Jun 26 2012 09:19:07
Firmware: J-Link ARM-OB STM32 compiled Aug 22 2012 19:52:04
Hardware: V7.00
S/N : 20090928 
Feature(s) : RDI,FlashDL,FlashBP,JFlash,GDBFull 
 
* JLink Info: TotalIRLen = 4, IRPrint = 0x01
* JLink Info: Found Cortex-M3 r2p0, Little endian.
* JLink Info: TPIU fitted.
* JLink Info: ETM fitted.
* JLink Info: FPUnit: 6 code (BP) slots and 2 literal slots
ROMTableAddr = 0xE00FF003
* JLink Info: Found Cortex-M3 r2p0, Little endian.
* JLink Info: TPIU fitted.
* JLink Info: ETM fitted.
* JLink Info: FPUnit: 6 code (BP) slots and 2 literal slots
 
Target info:
------------
Device: LPC1768
VTarget = 3.300V
State of Pins: 
TCK: 1, TDI: 0, TDO: 1, TMS: 0, TRES: 1, TRST: 1
Hardware-Breakpoints: 6
Software-Breakpoints: 8192
Watchpoints:          4
JTAG speed: 4000 kHz
 
Erase Done.
Programming Done.
Verify OK.
compiling main.c...
..\BSP\include\game.h(10): warning:  #260-D: explicit type is missing ("int" assumed)
..\BSP\include\game.h(11): warning:  #1295-D: Deprecated declaration QueueInitiate - give arg types
..\BSP\include\game.h(13): warning:  #1295-D: Deprecated declaration QueueDelete - give arg types
..\BSP\include\game.h(14): warning:  #1295-D: Deprecated declaration QueueGetX - give arg types
..\BSP\include\game.h(15): warning:  #1295-D: Deprecated declaration QueueGetY - give arg types
..\BSP\include\game.h(16): warning:  #1295-D: Deprecated declaration QueueGetLastX - give arg types
..\BSP\include\game.h(17): warning:  #1295-D: Deprecated declaration QueueGetLastY - give arg types
..\BSP\include\game.h(18): warning:  #1295-D: Deprecated declaration gameInitial - give arg types
..\BSP\include\game.h(19): warning:  #1295-D: Deprecated declaration gameOn - give arg types
..\BSP\include\game.h(20): warning:  #1295-D: Deprecated declaration move - give arg types
..\BSP\include\game.h(21): warning:  #1295-D: Deprecated declaration DrawBoundary - give arg types
..\BSP\include\game.h(22): warning:  #1295-D: Deprecated declaration DrawSnake - give arg types
..\BSP\include\game.h(23): warning:  #1295-D: Deprecated declaration DrawFood - give arg types
..\BSP\include\game.h(24): warning:  #1295-D: Deprecated declaration DrawScore - give arg types
..\BSP\include\game.h(25): warning:  #1295-D: Deprecated declaration DrawName - give arg types
..\BSP\include\game.h(26): warning:  #1-D: last line of file ends without a newline
..\BSP\include\game.h(26): warning:  #14-D: extra text after expected end of preprocessing directive
Source\User\main.c(20): warning:  #223-D: function "init_timer0" declared implicitly
Source\User\main.c(24): warning:  #223-D: function "DelayMs" declared implicitly
Source\User\main.c(26): warning:  #223-D: function "init_timer1" declared implicitly
Source\User\main.c - 0 Error(s), 20 Warning(s).
Build target 'LCD'
linking...
Program Size: Code=4472 RO-data=30412 RW-data=64 ZI-data=30944  
".\Obj\test.axf" - 0 Error(s), 0 Warning(s).
Load "C:\\Documents and Settings\\administrator\\桌面\\zmh\\Ex09-LCD-2416\\Obj\\test.AXF" 
* JLink Info: Device "LPC1768" selected (512 KB flash, 32 KB RAM).
Set JLink Project File to "C:\Documents and Settings\administrator\桌面\zmh\Ex09-LCD-2416\JLinkSettings.ini"
 
JLink info:
------------
DLL: V4.50j, compiled Jun 26 2012 09:19:07
Firmware: J-Link ARM-OB STM32 compiled Aug 22 2012 19:52:04
Hardware: V7.00
S/N : 20090928 
Feature(s) : RDI,FlashDL,FlashBP,JFlash,GDBFull 
 
* JLink Info: TotalIRLen = 4, IRPrint = 0x01
* JLink Info: Found Cortex-M3 r2p0, Little endian.
* JLink Info: TPIU fitted.
* JLink Info: ETM fitted.
* JLink Info: FPUnit: 6 code (BP) slots and 2 literal slots
ROMTableAddr = 0xE00FF003
* JLink Info: Found Cortex-M3 r2p0, Little endian.
* JLink Info: TPIU fitted.
* JLink Info: ETM fitted.
* JLink Info: FPUnit: 6 code (BP) slots and 2 literal slots
 
Target info:
------------
Device: LPC1768
VTarget = 3.300V
State of Pins: 
TCK: 1, TDI: 0, TDO: 1, TMS: 0, TRES: 1, TRST: 1
Hardware-Breakpoints: 6
Software-Breakpoints: 8192
Watchpoints:          4
JTAG speed: 4000 kHz
 
Erase Done.
Programming Done.
Verify OK.
compiling main.c...
..\BSP\include\game.h(10): warning:  #260-D: explicit type is missing ("int" assumed)
..\BSP\include\game.h(11): warning:  #1295-D: Deprecated declaration QueueInitiate - give arg types
..\BSP\include\game.h(13): warning:  #1295-D: Deprecated declaration QueueDelete - give arg types
..\BSP\include\game.h(14): warning:  #1295-D: Deprecated declaration QueueGetX - give arg types
..\BSP\include\game.h(15): warning:  #1295-D: Deprecated declaration QueueGetY - give arg types
..\BSP\include\game.h(16): warning:  #1295-D: Deprecated declaration QueueGetLastX - give arg types
..\BSP\include\game.h(17): warning:  #1295-D: Deprecated declaration QueueGetLastY - give arg types
..\BSP\include\game.h(18): warning:  #1295-D: Deprecated declaration gameInitial - give arg types
..\BSP\include\game.h(19): warning:  #1295-D: Deprecated declaration gameOn - give arg types
..\BSP\include\game.h(20): warning:  #1295-D: Deprecated declaration move - give arg types
..\BSP\include\game.h(21): warning:  #1295-D: Deprecated declaration DrawBoundary - give arg types
..\BSP\include\game.h(22): warning:  #1295-D: Deprecated declaration DrawSnake - give arg types
..\BSP\include\game.h(23): warning:  #1295-D: Deprecated declaration DrawFood - give arg types
..\BSP\include\game.h(24): warning:  #1295-D: Deprecated declaration DrawScore - give arg types
..\BSP\include\game.h(25): warning:  #1295-D: Deprecated declaration DrawName - give arg types
..\BSP\include\game.h(26): warning:  #1-D: last line of file ends without a newline
..\BSP\include\game.h(26): warning:  #14-D: extra text after expected end of preprocessing directive
Source\User\main.c(20): warning:  #223-D: function "init_timer0" declared implicitly
Source\User\main.c(24): warning:  #223-D: function "DelayMs" declared implicitly
Source\User\main.c(26): warning:  #223-D: function "init_timer1" declared implicitly
Source\User\main.c - 0 Error(s), 20 Warning(s).
Build target 'LCD'
linking...
Program Size: Code=4472 RO-data=30412 RW-data=64 ZI-data=30944  
".\Obj\test.axf" - 0 Error(s), 0 Warning(s).
Load "C:\\Documents and Settings\\administrator\\桌面\\zmh\\Ex09-LCD-2416\\Obj\\test.AXF" 
* JLink Info: Device "LPC1768" selected (512 KB flash, 32 KB RAM).
Set JLink Project File to "C:\Documents and Settings\administrator\桌面\zmh\Ex09-LCD-2416\JLinkSettings.ini"
 
JLink info:
------------
DLL: V4.50j, compiled Jun 26 2012 09:19:07
Firmware: J-Link ARM-OB STM32 compiled Aug 22 2012 19:52:04
Hardware: V7.00
S/N : 20090928 
Feature(s) : RDI,FlashDL,FlashBP,JFlash,GDBFull 
 
* JLink Info: TotalIRLen = 4, IRPrint = 0x01
* JLink Info: Found Cortex-M3 r2p0, Little endian.
* JLink Info: TPIU fitted.
* JLink Info: ETM fitted.
* JLink Info: FPUnit: 6 code (BP) slots and 2 literal slots
ROMTableAddr = 0xE00FF003
* JLink Info: Found Cortex-M3 r2p0, Little endian.
* JLink Info: TPIU fitted.
* JLink Info: ETM fitted.
* JLink Info: FPUnit: 6 code (BP) slots and 2 literal slots
 
Target info:
------------
Device: LPC1768
VTarget = 3.300V
State of Pins: 
TCK: 1, TDI: 0, TDO: 1, TMS: 0, TRES: 1, TRST: 1
Hardware-Breakpoints: 6
Software-Breakpoints: 8192
Watchpoints:          4
JTAG speed: 4000 kHz
 
Erase Done.
Programming Done.
Verify OK.
compiling main.c...
..\BSP\include\game.h(10): warning:  #260-D: explicit type is missing ("int" assumed)
..\BSP\include\game.h(11): warning:  #1295-D: Deprecated declaration QueueInitiate - give arg types
..\BSP\include\game.h(13): warning:  #1295-D: Deprecated declaration QueueDelete - give arg types
..\BSP\include\game.h(14): warning:  #1295-D: Deprecated declaration QueueGetX - give arg types
..\BSP\include\game.h(15): warning:  #1295-D: Deprecated declaration QueueGetY - give arg types
..\BSP\include\game.h(16): warning:  #1295-D: Deprecated declaration QueueGetLastX - give arg types
..\BSP\include\game.h(17): warning:  #1295-D: Deprecated declaration QueueGetLastY - give arg types
..\BSP\include\game.h(18): warning:  #1295-D: Deprecated declaration gameInitial - give arg types
..\BSP\include\game.h(19): warning:  #1295-D: Deprecated declaration gameOn - give arg types
..\BSP\include\game.h(20): warning:  #1295-D: Deprecated declaration move - give arg types
..\BSP\include\game.h(21): warning:  #1295-D: Deprecated declaration DrawBoundary - give arg types
..\BSP\include\game.h(22): warning:  #1295-D: Deprecated declaration DrawSnake - give arg types
..\BSP\include\game.h(23): warning:  #1295-D: Deprecated declaration DrawFood - give arg types
..\BSP\include\game.h(24): warning:  #1295-D: Deprecated declaration DrawScore - give arg types
..\BSP\include\game.h(25): warning:  #1295-D: Deprecated declaration DrawName - give arg types
..\BSP\include\game.h(26): warning:  #1-D: last line of file ends without a newline
..\BSP\include\game.h(26): warning:  #14-D: extra text after expected end of preprocessing directive
Source\User\main.c(20): warning:  #223-D: function "init_timer0" declared implicitly
Source\User\main.c(24): warning:  #223-D: function "DelayMs" declared implicitly
Source\User\main.c(26): warning:  #223-D: function "init_timer1" declared implicitly
Source\User\main.c - 0 Error(s), 20 Warning(s).
Build target 'LCD'
linking...
Program Size: Code=4472 RO-data=30412 RW-data=64 ZI-data=30944  
".\Obj\test.axf" - 0 Error(s), 0 Warning(s).
Load "C:\\Documents and Settings\\administrator\\桌面\\zmh\\Ex09-LCD-2416\\Obj\\test.AXF" 
* JLink Info: Device "LPC1768" selected (512 KB flash, 32 KB RAM).
Set JLink Project File to "C:\Documents and Settings\administrator\桌面\zmh\Ex09-LCD-2416\JLinkSettings.ini"
 
JLink info:
------------
DLL: V4.50j, compiled Jun 26 2012 09:19:07
Firmware: J-Link ARM-OB STM32 compiled Aug 22 2012 19:52:04
Hardware: V7.00
S/N : 20090928 
Feature(s) : RDI,FlashDL,FlashBP,JFlash,GDBFull 
 
* JLink Info: TotalIRLen = 4, IRPrint = 0x01
* JLink Info: Found Cortex-M3 r2p0, Little endian.
* JLink Info: TPIU fitted.
* JLink Info: ETM fitted.
* JLink Info: FPUnit: 6 code (BP) slots and 2 literal slots
ROMTableAddr = 0xE00FF003
* JLink Info: Found Cortex-M3 r2p0, Little endian.
* JLink Info: TPIU fitted.
* JLink Info: ETM fitted.
* JLink Info: FPUnit: 6 code (BP) slots and 2 literal slots
 
Target info:
------------
Device: LPC1768
VTarget = 3.300V
State of Pins: 
TCK: 1, TDI: 0, TDO: 1, TMS: 0, TRES: 1, TRST: 1
Hardware-Breakpoints: 6
Software-Breakpoints: 8192
Watchpoints:          4
JTAG speed: 4000 kHz
 
Erase Done.
Programming Done.
Verify OK.
compiling main.c...
..\BSP\include\game.h(10): warning:  #260-D: explicit type is missing ("int" assumed)
..\BSP\include\game.h(11): warning:  #1295-D: Deprecated declaration QueueInitiate - give arg types
..\BSP\include\game.h(13): warning:  #1295-D: Deprecated declaration QueueDelete - give arg types
..\BSP\include\game.h(14): warning:  #1295-D: Deprecated declaration QueueGetX - give arg types
..\BSP\include\game.h(15): warning:  #1295-D: Deprecated declaration QueueGetY - give arg types
..\BSP\include\game.h(16): warning:  #1295-D: Deprecated declaration QueueGetLastX - give arg types
..\BSP\include\game.h(17): warning:  #1295-D: Deprecated declaration QueueGetLastY - give arg types
..\BSP\include\game.h(18): warning:  #1295-D: Deprecated declaration gameInitial - give arg types
..\BSP\include\game.h(19): warning:  #1295-D: Deprecated declaration gameOn - give arg types
..\BSP\include\game.h(20): warning:  #1295-D: Deprecated declaration move - give arg types
..\BSP\include\game.h(21): warning:  #1295-D: Deprecated declaration DrawBoundary - give arg types
..\BSP\include\game.h(22): warning:  #1295-D: Deprecated declaration DrawSnake - give arg types
..\BSP\include\game.h(23): warning:  #1295-D: Deprecated declaration DrawFood - give arg types
..\BSP\include\game.h(24): warning:  #1295-D: Deprecated declaration DrawScore - give arg types
..\BSP\include\game.h(25): warning:  #1295-D: Deprecated declaration DrawName - give arg types
..\BSP\include\game.h(26): warning:  #1-D: last line of file ends without a newline
..\BSP\include\game.h(26): warning:  #14-D: extra text after expected end of preprocessing directive
Source\User\main.c(20): warning:  #223-D: function "init_timer0" declared implicitly
Source\User\main.c(24): warning:  #223-D: function "DelayMs" declared implicitly
Source\User\main.c(26): warning:  #223-D: function "init_timer1" declared implicitly
Source\User\main.c - 0 Error(s), 20 Warning(s).
Build target 'LCD'
linking...
Program Size: Code=4472 RO-data=30412 RW-data=64 ZI-data=30944  
".\Obj\test.axf" - 0 Error(s), 0 Warning(s).
Load "C:\\Documents and Settings\\administrator\\桌面\\zmh\\Ex09-LCD-2416\\Obj\\test.AXF" 
* JLink Info: Device "LPC1768" selected (512 KB flash, 32 KB RAM).
Set JLink Project File to "C:\Documents and Settings\administrator\桌面\zmh\Ex09-LCD-2416\JLinkSettings.ini"
 
JLink info:
------------
DLL: V4.50j, compiled Jun 26 2012 09:19:07
Firmware: J-Link ARM-OB STM32 compiled Aug 22 2012 19:52:04
Hardware: V7.00
S/N : 20090928 
Feature(s) : RDI,FlashDL,FlashBP,JFlash,GDBFull 
 
* JLink Info: TotalIRLen = 4, IRPrint = 0x01
* JLink Info: Found Cortex-M3 r2p0, Little endian.
* JLink Info: TPIU fitted.
* JLink Info: ETM fitted.
* JLink Info: FPUnit: 6 code (BP) slots and 2 literal slots
ROMTableAddr = 0xE00FF003
* JLink Info: Found Cortex-M3 r2p0, Little endian.
* JLink Info: TPIU fitted.
* JLink Info: ETM fitted.
* JLink Info: FPUnit: 6 code (BP) slots and 2 literal slots
 
Target info:
------------
Device: LPC1768
VTarget = 3.300V
State of Pins: 
TCK: 1, TDI: 0, TDO: 1, TMS: 0, TRES: 1, TRST: 1
Hardware-Breakpoints: 6
Software-Breakpoints: 8192
Watchpoints:          4
JTAG speed: 4000 kHz
 
Erase Done.
Programming Done.
Verify OK.
compiling main.c...
..\BSP\include\game.h(10): warning:  #260-D: explicit type is missing ("int" assumed)
..\BSP\include\game.h(11): warning:  #1295-D: Deprecated declaration QueueInitiate - give arg types
..\BSP\include\game.h(13): warning:  #1295-D: Deprecated declaration QueueDelete - give arg types
..\BSP\include\game.h(14): warning:  #1295-D: Deprecated declaration QueueGetX - give arg types
..\BSP\include\game.h(15): warning:  #1295-D: Deprecated declaration QueueGetY - give arg types
..\BSP\include\game.h(16): warning:  #1295-D: Deprecated declaration QueueGetLastX - give arg types
..\BSP\include\game.h(17): warning:  #1295-D: Deprecated declaration QueueGetLastY - give arg types
..\BSP\include\game.h(18): warning:  #1295-D: Deprecated declaration gameInitial - give arg types
..\BSP\include\game.h(19): warning:  #1295-D: Deprecated declaration gameOn - give arg types
..\BSP\include\game.h(20): warning:  #1295-D: Deprecated declaration move - give arg types
..\BSP\include\game.h(21): warning:  #1295-D: Deprecated declaration DrawBoundary - give arg types
..\BSP\include\game.h(22): warning:  #1295-D: Deprecated declaration DrawSnake - give arg types
..\BSP\include\game.h(23): warning:  #1295-D: Deprecated declaration DrawFood - give arg types
..\BSP\include\game.h(24): warning:  #1295-D: Deprecated declaration DrawScore - give arg types
..\BSP\include\game.h(25): warning:  #1295-D: Deprecated declaration DrawName - give arg types
..\BSP\include\game.h(26): warning:  #1-D: last line of file ends without a newline
..\BSP\include\game.h(26): warning:  #14-D: extra text after expected end of preprocessing directive
Source\User\main.c(20): warning:  #223-D: function "init_timer0" declared implicitly
Source\User\main.c(25): warning:  #223-D: function "DelayMs" declared implicitly
Source\User\main.c(27): warning:  #223-D: function "init_timer1" declared implicitly
Source\User\main.c - 0 Error(s), 20 Warning(s).
Build target 'LCD'
linking...
Program Size: Code=4488 RO-data=30412 RW-data=64 ZI-data=30944  
".\Obj\test.axf" - 0 Error(s), 0 Warning(s).
Load "C:\\Documents and Settings\\administrator\\桌面\\zmh\\Ex09-LCD-2416\\Obj\\test.AXF" 
* JLink Info: Device "LPC1768" selected (512 KB flash, 32 KB RAM).
Set JLink Project File to "C:\Documents and Settings\administrator\桌面\zmh\Ex09-LCD-2416\JLinkSettings.ini"
 
JLink info:
------------
DLL: V4.50j, compiled Jun 26 2012 09:19:07
Firmware: J-Link ARM-OB STM32 compiled Aug 22 2012 19:52:04
Hardware: V7.00
S/N : 20090928 
Feature(s) : RDI,FlashDL,FlashBP,JFlash,GDBFull 
 
* JLink Info: TotalIRLen = 4, IRPrint = 0x01
* JLink Info: Found Cortex-M3 r2p0, Little endian.
* JLink Info: TPIU fitted.
* JLink Info: ETM fitted.
* JLink Info: FPUnit: 6 code (BP) slots and 2 literal slots
ROMTableAddr = 0xE00FF003
* JLink Info: Found Cortex-M3 r2p0, Little endian.
* JLink Info: TPIU fitted.
* JLink Info: ETM fitted.
* JLink Info: FPUnit: 6 code (BP) slots and 2 literal slots
 
Target info:
------------
Device: LPC1768
VTarget = 3.300V
State of Pins: 
TCK: 1, TDI: 0, TDO: 1, TMS: 0, TRES: 1, TRST: 1
Hardware-Breakpoints: 6
Software-Breakpoints: 8192
Watchpoints:          4
JTAG speed: 4000 kHz
 
Erase Done.
Programming Done.
Verify OK.
compiling main.c...
..\BSP\include\game.h(10): warning:  #260-D: explicit type is missing ("int" assumed)
..\BSP\include\game.h(11): warning:  #1295-D: Deprecated declaration QueueInitiate - give arg types
..\BSP\include\game.h(13): warning:  #1295-D: Deprecated declaration QueueDelete - give arg types
..\BSP\include\game.h(14): warning:  #1295-D: Deprecated declaration QueueGetX - give arg types
..\BSP\include\game.h(15): warning:  #1295-D: Deprecated declaration QueueGetY - give arg types
..\BSP\include\game.h(16): warning:  #1295-D: Deprecated declaration QueueGetLastX - give arg types
..\BSP\include\game.h(17): warning:  #1295-D: Deprecated declaration QueueGetLastY - give arg types
..\BSP\include\game.h(18): warning:  #1295-D: Deprecated declaration gameInitial - give arg types
..\BSP\include\game.h(19): warning:  #1295-D: Deprecated declaration gameOn - give arg types
..\BSP\include\game.h(20): warning:  #1295-D: Deprecated declaration move - give arg types
..\BSP\include\game.h(21): warning:  #1295-D: Deprecated declaration DrawBoundary - give arg types
..\BSP\include\game.h(22): warning:  #1295-D: Deprecated declaration DrawSnake - give arg types
..\BSP\include\game.h(23): warning:  #1295-D: Deprecated declaration DrawFood - give arg types
..\BSP\include\game.h(24): warning:  #1295-D: Deprecated declaration DrawScore - give arg types
..\BSP\include\game.h(25): warning:  #1295-D: Deprecated declaration DrawName - give arg types
..\BSP\include\game.h(26): warning:  #1-D: last line of file ends without a newline
..\BSP\include\game.h(26): warning:  #14-D: extra text after expected end of preprocessing directive
Source\User\main.c(20): warning:  #223-D: function "init_timer0" declared implicitly
Source\User\main.c(25): warning:  #223-D: function "DelayMs" declared implicitly
Source\User\main.c(28): warning:  #223-D: function "init_timer1" declared implicitly
Source\User\main.c - 0 Error(s), 20 Warning(s).
Build target 'LCD'
linking...
Program Size: Code=4492 RO-data=30412 RW-data=64 ZI-data=30944  
".\Obj\test.axf" - 0 Error(s), 0 Warning(s).
Load "C:\\Documents and Settings\\administrator\\桌面\\zmh\\Ex09-LCD-2416\\Obj\\test.AXF" 
* JLink Info: Device "LPC1768" selected (512 KB flash, 32 KB RAM).
Set JLink Project File to "C:\Documents and Settings\administrator\桌面\zmh\Ex09-LCD-2416\JLinkSettings.ini"
 
JLink info:
------------
DLL: V4.50j, compiled Jun 26 2012 09:19:07
Firmware: J-Link ARM-OB STM32 compiled Aug 22 2012 19:52:04
Hardware: V7.00
S/N : 20090928 
Feature(s) : RDI,FlashDL,FlashBP,JFlash,GDBFull 
 
* JLink Info: TotalIRLen = 4, IRPrint = 0x01
* JLink Info: Found Cortex-M3 r2p0, Little endian.
* JLink Info: TPIU fitted.
* JLink Info: ETM fitted.
* JLink Info: FPUnit: 6 code (BP) slots and 2 literal slots
ROMTableAddr = 0xE00FF003
* JLink Info: Found Cortex-M3 r2p0, Little endian.
* JLink Info: TPIU fitted.
* JLink Info: ETM fitted.
* JLink Info: FPUnit: 6 code (BP) slots and 2 literal slots
 
Target info:
------------
Device: LPC1768
VTarget = 3.300V
State of Pins: 
TCK: 1, TDI: 0, TDO: 1, TMS: 0, TRES: 1, TRST: 1
Hardware-Breakpoints: 6
Software-Breakpoints: 8192
Watchpoints:          4
JTAG speed: 4000 kHz
 
Erase Done.
Programming Done.
Verify Failed!
compiling main.c...
..\BSP\include\game.h(10): warning:  #260-D: explicit type is missing ("int" assumed)
..\BSP\include\game.h(11): warning:  #1295-D: Deprecated declaration QueueInitiate - give arg types
..\BSP\include\game.h(13): warning:  #1295-D: Deprecated declaration QueueDelete - give arg types
..\BSP\include\game.h(14): warning:  #1295-D: Deprecated declaration QueueGetX - give arg types
..\BSP\include\game.h(15): warning:  #1295-D: Deprecated declaration QueueGetY - give arg types
..\BSP\include\game.h(16): warning:  #1295-D: Deprecated declaration QueueGetLastX - give arg types
..\BSP\include\game.h(17): warning:  #1295-D: Deprecated declaration QueueGetLastY - give arg types
..\BSP\include\game.h(18): warning:  #1295-D: Deprecated declaration gameInitial - give arg types
..\BSP\include\game.h(19): warning:  #1295-D: Deprecated declaration gameOn - give arg types
..\BSP\include\game.h(20): warning:  #1295-D: Deprecated declaration move - give arg types
..\BSP\include\game.h(21): warning:  #1295-D: Deprecated declaration DrawBoundary - give arg types
..\BSP\include\game.h(22): warning:  #1295-D: Deprecated declaration DrawSnake - give arg types
..\BSP\include\game.h(23): warning:  #1295-D: Deprecated declaration DrawFood - give arg types
..\BSP\include\game.h(24): warning:  #1295-D: Deprecated declaration DrawScore - give arg types
..\BSP\include\game.h(25): warning:  #1295-D: Deprecated declaration DrawName - give arg types
..\BSP\include\game.h(26): warning:  #1-D: last line of file ends without a newline
..\BSP\include\game.h(26): warning:  #14-D: extra text after expected end of preprocessing directive
Source\User\main.c(20): warning:  #223-D: function "init_timer0" declared implicitly
Source\User\main.c(25): warning:  #223-D: function "DelayMs" declared implicitly
Source\User\main.c(28): warning:  #223-D: function "init_timer1" declared implicitly
Source\User\main.c - 0 Error(s), 20 Warning(s).
Build target 'LCD'
linking...
Program Size: Code=4492 RO-data=30412 RW-data=64 ZI-data=30944  
".\Obj\test.axf" - 0 Error(s), 0 Warning(s).
Load "C:\\Documents and Settings\\administrator\\桌面\\zmh\\Ex09-LCD-2416\\Obj\\test.AXF" 
* JLink Info: Device "LPC1768" selected (512 KB flash, 32 KB RAM).
Set JLink Project File to "C:\Documents and Settings\administrator\桌面\zmh\Ex09-LCD-2416\JLinkSettings.ini"
 
JLink info:
------------
DLL: V4.50j, compiled Jun 26 2012 09:19:07
Firmware: J-Link ARM-OB STM32 compiled Aug 22 2012 19:52:04
Hardware: V7.00
S/N : 20090928 
Feature(s) : RDI,FlashDL,FlashBP,JFlash,GDBFull 
 
* JLink Info: TotalIRLen = 4, IRPrint = 0x01
* JLink Info: Found Cortex-M3 r2p0, Little endian.
* JLink Info: TPIU fitted.
* JLink Info: ETM fitted.
* JLink Info: FPUnit: 6 code (BP) slots and 2 literal slots
ROMTableAddr = 0xE00FF003
* JLink Info: Found Cortex-M3 r2p0, Little endian.
* JLink Info: TPIU fitted.
* JLink Info: ETM fitted.
* JLink Info: FPUnit: 6 code (BP) slots and 2 literal slots
 
Target info:
------------
Device: LPC1768
VTarget = 3.300V
State of Pins: 
TCK: 1, TDI: 0, TDO: 1, TMS: 0, TRES: 1, TRST: 1
Hardware-Breakpoints: 6
Software-Breakpoints: 8192
Watchpoints:          4
JTAG speed: 4000 kHz
 
Erase Done.
Programming Done.
Verify OK.
compiling main.c...
..\BSP\include\game.h(10): warning:  #260-D: explicit type is missing ("int" assumed)
..\BSP\include\game.h(11): warning:  #1295-D: Deprecated declaration QueueInitiate - give arg types
..\BSP\include\game.h(13): warning:  #1295-D: Deprecated declaration QueueDelete - give arg types
..\BSP\include\game.h(14): warning:  #1295-D: Deprecated declaration QueueGetX - give arg types
..\BSP\include\game.h(15): warning:  #1295-D: Deprecated declaration QueueGetY - give arg types
..\BSP\include\game.h(16): warning:  #1295-D: Deprecated declaration QueueGetLastX - give arg types
..\BSP\include\game.h(17): warning:  #1295-D: Deprecated declaration QueueGetLastY - give arg types
..\BSP\include\game.h(18): warning:  #1295-D: Deprecated declaration gameInitial - give arg types
..\BSP\include\game.h(19): warning:  #1295-D: Deprecated declaration gameOn - give arg types
..\BSP\include\game.h(20): warning:  #1295-D: Deprecated declaration move - give arg types
..\BSP\include\game.h(21): warning:  #1295-D: Deprecated declaration DrawBoundary - give arg types
..\BSP\include\game.h(22): warning:  #1295-D: Deprecated declaration DrawSnake - give arg types
..\BSP\include\game.h(23): warning:  #1295-D: Deprecated declaration DrawFood - give arg types
..\BSP\include\game.h(24): warning:  #1295-D: Deprecated declaration DrawScore - give arg types
..\BSP\include\game.h(25): warning:  #1295-D: Deprecated declaration DrawName - give arg types
..\BSP\include\game.h(26): warning:  #1-D: last line of file ends without a newline
..\BSP\include\game.h(26): warning:  #14-D: extra text after expected end of preprocessing directive
Source\User\main.c(20): warning:  #223-D: function "init_timer0" declared implicitly
Source\User\main.c(25): warning:  #223-D: function "drawLoading" declared implicitly
Source\User\main.c(26): warning:  #223-D: function "DelayMs" declared implicitly
Source\User\main.c(29): warning:  #223-D: function "init_timer1" declared implicitly
Source\User\main.c - 0 Error(s), 21 Warning(s).
Build target 'LCD'
compiling game.c...
..\BSP\include\game.h(10): warning:  #260-D: explicit type is missing ("int" assumed)
..\BSP\include\game.h(11): warning:  #1295-D: Deprecated declaration QueueInitiate - give arg types
..\BSP\include\game.h(13): warning:  #1295-D: Deprecated declaration QueueDelete - give arg types
..\BSP\include\game.h(14): warning:  #1295-D: Deprecated declaration QueueGetX - give arg types
..\BSP\include\game.h(15): warning:  #1295-D: Deprecated declaration QueueGetY - give arg types
..\BSP\include\game.h(16): warning:  #1295-D: Deprecated declaration QueueGetLastX - give arg types
..\BSP\include\game.h(17): warning:  #1295-D: Deprecated declaration QueueGetLastY - give arg types
..\BSP\include\game.h(18): warning:  #1295-D: Deprecated declaration gameInitial - give arg types
..\BSP\include\game.h(19): warning:  #1295-D: Deprecated declaration gameOn - give arg types
..\BSP\include\game.h(20): warning:  #1295-D: Deprecated declaration move - give arg types
..\BSP\include\game.h(21): warning:  #1295-D: Deprecated declaration DrawBoundary - give arg types
..\BSP\include\game.h(22): warning:  #1295-D: Deprecated declaration DrawSnake - give arg types
..\BSP\include\game.h(23): warning:  #1295-D: Deprecated declaration DrawFood - give arg types
..\BSP\include\game.h(24): warning:  #1295-D: Deprecated declaration DrawScore - give arg types
..\BSP\include\game.h(25): warning:  #1295-D: Deprecated declaration DrawName - give arg types
..\BSP\include\game.h(26): warning:  #1-D: last line of file ends without a newline
..\BSP\include\game.h(26): warning:  #14-D: extra text after expected end of preprocessing directive
..\BSP\source\game.c(44): error:  #29: expected an expression
..\BSP\source\game.c(44): error:  #20: identifier "i" is undefined
..\BSP\source\game.c(192): warning:  #223-D: function "sprintf" declared implicitly
..\BSP\source\game.c(194): warning:  #167-D: argument of type "char *" is incompatible with parameter of type "unsigned char *"
..\BSP\source\game.c(200): warning:  #223-D: function "rand" declared implicitly
..\BSP\source\game.c(303): warning:  #1-D: last line of file ends without a newline
Target not created
compiling main.c...
..\BSP\include\game.h(10): warning:  #260-D: explicit type is missing ("int" assumed)
..\BSP\include\game.h(11): warning:  #1295-D: Deprecated declaration QueueInitiate - give arg types
..\BSP\include\game.h(13): warning:  #1295-D: Deprecated declaration QueueDelete - give arg types
..\BSP\include\game.h(14): warning:  #1295-D: Deprecated declaration QueueGetX - give arg types
..\BSP\include\game.h(15): warning:  #1295-D: Deprecated declaration QueueGetY - give arg types
..\BSP\include\game.h(16): warning:  #1295-D: Deprecated declaration QueueGetLastX - give arg types
..\BSP\include\game.h(17): warning:  #1295-D: Deprecated declaration QueueGetLastY - give arg types
..\BSP\include\game.h(18): warning:  #1295-D: Deprecated declaration gameInitial - give arg types
..\BSP\include\game.h(19): warning:  #1295-D: Deprecated declaration gameOn - give arg types
..\BSP\include\game.h(20): warning:  #1295-D: Deprecated declaration move - give arg types
..\BSP\include\game.h(21): warning:  #1295-D: Deprecated declaration DrawBoundary - give arg types
..\BSP\include\game.h(22): warning:  #1295-D: Deprecated declaration DrawSnake - give arg types
..\BSP\include\game.h(23): warning:  #1295-D: Deprecated declaration DrawFood - give arg types
..\BSP\include\game.h(24): warning:  #1295-D: Deprecated declaration DrawScore - give arg types
..\BSP\include\game.h(25): warning:  #1295-D: Deprecated declaration DrawName - give arg types
..\BSP\include\game.h(26): warning:  #1-D: last line of file ends without a newline
..\BSP\include\game.h(26): warning:  #14-D: extra text after expected end of preprocessing directive
Source\User\main.c(20): warning:  #223-D: function "init_timer0" declared implicitly
Source\User\main.c(25): warning:  #223-D: function "drawLoading" declared implicitly
Source\User\main.c(26): warning:  #223-D: function "DelayMs" declared implicitly
Source\User\main.c(29): warning:  #223-D: function "init_timer1" declared implicitly
Source\User\main.c - 0 Error(s), 21 Warning(s).
Build target 'LCD'
compiling game.c...
..\BSP\include\game.h(10): warning:  #260-D: explicit type is missing ("int" assumed)
..\BSP\include\game.h(11): warning:  #1295-D: Deprecated declaration QueueInitiate - give arg types
..\BSP\include\game.h(13): warning:  #1295-D: Deprecated declaration QueueDelete - give arg types
..\BSP\include\game.h(14): warning:  #1295-D: Deprecated declaration QueueGetX - give arg types
..\BSP\include\game.h(15): warning:  #1295-D: Deprecated declaration QueueGetY - give arg types
..\BSP\include\game.h(16): warning:  #1295-D: Deprecated declaration QueueGetLastX - give arg types
..\BSP\include\game.h(17): warning:  #1295-D: Deprecated declaration QueueGetLastY - give arg types
..\BSP\include\game.h(18): warning:  #1295-D: Deprecated declaration gameInitial - give arg types
..\BSP\include\game.h(19): warning:  #1295-D: Deprecated declaration gameOn - give arg types
..\BSP\include\game.h(20): warning:  #1295-D: Deprecated declaration move - give arg types
..\BSP\include\game.h(21): warning:  #1295-D: Deprecated declaration DrawBoundary - give arg types
..\BSP\include\game.h(22): warning:  #1295-D: Deprecated declaration DrawSnake - give arg types
..\BSP\include\game.h(23): warning:  #1295-D: Deprecated declaration DrawFood - give arg types
..\BSP\include\game.h(24): warning:  #1295-D: Deprecated declaration DrawScore - give arg types
..\BSP\include\game.h(25): warning:  #1295-D: Deprecated declaration DrawName - give arg types
..\BSP\include\game.h(26): warning:  #1-D: last line of file ends without a newline
..\BSP\include\game.h(26): warning:  #14-D: extra text after expected end of preprocessing directive
..\BSP\source\game.c(193): warning:  #223-D: function "sprintf" declared implicitly
..\BSP\source\game.c(195): warning:  #167-D: argument of type "char *" is incompatible with parameter of type "unsigned char *"
..\BSP\source\game.c(201): warning:  #223-D: function "rand" declared implicitly
..\BSP\source\game.c(304): warning:  #1-D: last line of file ends without a newline
linking...
Program Size: Code=4524 RO-data=30412 RW-data=64 ZI-data=30944  
".\Obj\test.axf" - 0 Error(s), 21 Warning(s).
Load "C:\\Documents and Settings\\administrator\\桌面\\zmh\\Ex09-LCD-2416\\Obj\\test.AXF" 
* JLink Info: Device "LPC1768" selected (512 KB flash, 32 KB RAM).
Set JLink Project File to "C:\Documents and Settings\administrator\桌面\zmh\Ex09-LCD-2416\JLinkSettings.ini"
 
JLink info:
------------
DLL: V4.50j, compiled Jun 26 2012 09:19:07
Firmware: J-Link ARM-OB STM32 compiled Aug 22 2012 19:52:04
Hardware: V7.00
S/N : 20090928 
Feature(s) : RDI,FlashDL,FlashBP,JFlash,GDBFull 
 
* JLink Info: TotalIRLen = 4, IRPrint = 0x01
* JLink Info: Found Cortex-M3 r2p0, Little endian.
* JLink Info: TPIU fitted.
* JLink Info: ETM fitted.
* JLink Info: FPUnit: 6 code (BP) slots and 2 literal slots
ROMTableAddr = 0xE00FF003
* JLink Info: Found Cortex-M3 r2p0, Little endian.
* JLink Info: TPIU fitted.
* JLink Info: ETM fitted.
* JLink Info: FPUnit: 6 code (BP) slots and 2 literal slots
 
Target info:
------------
Device: LPC1768
VTarget = 3.300V
State of Pins: 
TCK: 1, TDI: 0, TDO: 1, TMS: 0, TRES: 1, TRST: 1
Hardware-Breakpoints: 6
Software-Breakpoints: 8192
Watchpoints:          4
JTAG speed: 4000 kHz
 
Erase Done.
**JLink Warning: T-bit of XPSR is 0 but should be 1. Changed to 1.
***JLink Error: Could not write CPU register R0: Written: 0x00000002, Read 0x00000000
***JLink Error: Can not read register 15 (R15) while CPU is running
Programming Failed!
Load "C:\\Documents and Settings\\administrator\\桌面\\zmh\\Ex09-LCD-2416\\Obj\\test.AXF" 
* JLink Info: Device "LPC1768" selected (512 KB flash, 32 KB RAM).
Set JLink Project File to "C:\Documents and Settings\administrator\桌面\zmh\Ex09-LCD-2416\JLinkSettings.ini"
 
JLink info:
------------
DLL: V4.50j, compiled Jun 26 2012 09:19:07
Firmware: J-Link ARM-OB STM32 compiled Aug 22 2012 19:52:04
Hardware: V7.00
S/N : 20090928 
Feature(s) : RDI,FlashDL,FlashBP,JFlash,GDBFull 
 
* JLink Info: TotalIRLen = 4, IRPrint = 0x01
* JLink Info: Found Cortex-M3 r2p0, Little endian.
* JLink Info: TPIU fitted.
* JLink Info: ETM fitted.
* JLink Info: FPUnit: 6 code (BP) slots and 2 literal slots
ROMTableAddr = 0xE00FF003
* JLink Info: Found Cortex-M3 r2p0, Little endian.
* JLink Info: TPIU fitted.
* JLink Info: ETM fitted.
* JLink Info: FPUnit: 6 code (BP) slots and 2 literal slots
 
Target info:
------------
Device: LPC1768
VTarget = 3.300V
State of Pins: 
TCK: 1, TDI: 0, TDO: 1, TMS: 0, TRES: 1, TRST: 1
Hardware-Breakpoints: 6
Software-Breakpoints: 8192
Watchpoints:          4
JTAG speed: 4000 kHz
 
Erase Done.
Programming Done.
Verify OK.
compiling game.c...
..\BSP\include\game.h(10): warning:  #260-D: explicit type is missing ("int" assumed)
..\BSP\include\game.h(11): warning:  #1295-D: Deprecated declaration QueueInitiate - give arg types
..\BSP\include\game.h(13): warning:  #1295-D: Deprecated declaration QueueDelete - give arg types
..\BSP\include\game.h(14): warning:  #1295-D: Deprecated declaration QueueGetX - give arg types
..\BSP\include\game.h(15): warning:  #1295-D: Deprecated declaration QueueGetY - give arg types
..\BSP\include\game.h(16): warning:  #1295-D: Deprecated declaration QueueGetLastX - give arg types
..\BSP\include\game.h(17): warning:  #1295-D: Deprecated declaration QueueGetLastY - give arg types
..\BSP\include\game.h(18): warning:  #1295-D: Deprecated declaration gameInitial - give arg types
..\BSP\include\game.h(19): warning:  #1295-D: Deprecated declaration gameOn - give arg types
..\BSP\include\game.h(20): warning:  #1295-D: Deprecated declaration move - give arg types
..\BSP\include\game.h(21): warning:  #1295-D: Deprecated declaration DrawBoundary - give arg types
..\BSP\include\game.h(22): warning:  #1295-D: Deprecated declaration DrawSnake - give arg types
..\BSP\include\game.h(23): warning:  #1295-D: Deprecated declaration DrawFood - give arg types
..\BSP\include\game.h(24): warning:  #1295-D: Deprecated declaration DrawScore - give arg types
..\BSP\include\game.h(25): warning:  #1295-D: Deprecated declaration DrawName - give arg types
..\BSP\include\game.h(26): warning:  #1-D: last line of file ends without a newline
..\BSP\include\game.h(26): warning:  #14-D: extra text after expected end of preprocessing directive
..\BSP\source\game.c(193): warning:  #223-D: function "sprintf" declared implicitly
..\BSP\source\game.c(195): warning:  #167-D: argument of type "char *" is incompatible with parameter of type "unsigned char *"
..\BSP\source\game.c(201): warning:  #223-D: function "rand" declared implicitly
..\BSP\source\game.c(304): warning:  #1-D: last line of file ends without a newline
..\BSP\source\game.c - 0 Error(s), 21 Warning(s).
Build target 'LCD'
linking...
Program Size: Code=4524 RO-data=30412 RW-data=64 ZI-data=30944  
".\Obj\test.axf" - 0 Error(s), 0 Warning(s).
Load "C:\\Documents and Settings\\administrator\\桌面\\zmh\\Ex09-LCD-2416\\Obj\\test.AXF" 
* JLink Info: Device "LPC1768" selected (512 KB flash, 32 KB RAM).
Set JLink Project File to "C:\Documents and Settings\administrator\桌面\zmh\Ex09-LCD-2416\JLinkSettings.ini"
 
JLink info:
------------
DLL: V4.50j, compiled Jun 26 2012 09:19:07
Firmware: J-Link ARM-OB STM32 compiled Aug 22 2012 19:52:04
Hardware: V7.00
S/N : 20090928 
Feature(s) : RDI,FlashDL,FlashBP,JFlash,GDBFull 
 
* JLink Info: TotalIRLen = 4, IRPrint = 0x01
* JLink Info: Found Cortex-M3 r2p0, Little endian.
* JLink Info: TPIU fitted.
* JLink Info: ETM fitted.
* JLink Info: FPUnit: 6 code (BP) slots and 2 literal slots
ROMTableAddr = 0xE00FF003
* JLink Info: Found Cortex-M3 r2p0, Little endian.
* JLink Info: TPIU fitted.
* JLink Info: ETM fitted.
* JLink Info: FPUnit: 6 code (BP) slots and 2 literal slots
 
Target info:
------------
Device: LPC1768
VTarget = 3.300V
State of Pins: 
TCK: 1, TDI: 0, TDO: 1, TMS: 0, TRES: 1, TRST: 1
Hardware-Breakpoints: 6
Software-Breakpoints: 8192
Watchpoints:          4
JTAG speed: 4000 kHz
 
Erase Done.
Programming Done.
Verify OK.
compiling game.c...
..\BSP\include\game.h(10): warning:  #260-D: explicit type is missing ("int" assumed)
..\BSP\include\game.h(11): warning:  #1295-D: Deprecated declaration QueueInitiate - give arg types
..\BSP\include\game.h(13): warning:  #1295-D: Deprecated declaration QueueDelete - give arg types
..\BSP\include\game.h(14): warning:  #1295-D: Deprecated declaration QueueGetX - give arg types
..\BSP\include\game.h(15): warning:  #1295-D: Deprecated declaration QueueGetY - give arg types
..\BSP\include\game.h(16): warning:  #1295-D: Deprecated declaration QueueGetLastX - give arg types
..\BSP\include\game.h(17): warning:  #1295-D: Deprecated declaration QueueGetLastY - give arg types
..\BSP\include\game.h(18): warning:  #1295-D: Deprecated declaration gameInitial - give arg types
..\BSP\include\game.h(19): warning:  #1295-D: Deprecated declaration gameOn - give arg types
..\BSP\include\game.h(20): warning:  #1295-D: Deprecated declaration move - give arg types
..\BSP\include\game.h(21): warning:  #1295-D: Deprecated declaration DrawBoundary - give arg types
..\BSP\include\game.h(22): warning:  #1295-D: Deprecated declaration DrawSnake - give arg types
..\BSP\include\game.h(23): warning:  #1295-D: Deprecated declaration DrawFood - give arg types
..\BSP\include\game.h(24): warning:  #1295-D: Deprecated declaration DrawScore - give arg types
..\BSP\include\game.h(25): warning:  #1295-D: Deprecated declaration DrawName - give arg types
..\BSP\include\game.h(26): warning:  #1-D: last line of file ends without a newline
..\BSP\include\game.h(26): warning:  #14-D: extra text after expected end of preprocessing directive
..\BSP\source\game.c(193): warning:  #223-D: function "sprintf" declared implicitly
..\BSP\source\game.c(195): warning:  #167-D: argument of type "char *" is incompatible with parameter of type "unsigned char *"
..\BSP\source\game.c(201): warning:  #223-D: function "rand" declared implicitly
..\BSP\source\game.c(304): warning:  #1-D: last line of file ends without a newline
..\BSP\source\game.c - 0 Error(s), 21 Warning(s).
Build target 'LCD'
linking...
Program Size: Code=4524 RO-data=30412 RW-data=64 ZI-data=30944  
".\Obj\test.axf" - 0 Error(s), 0 Warning(s).
Load "C:\\Documents and Settings\\administrator\\桌面\\zmh\\Ex09-LCD-2416\\Obj\\test.AXF" 
* JLink Info: Device "LPC1768" selected (512 KB flash, 32 KB RAM).
Set JLink Project File to "C:\Documents and Settings\administrator\桌面\zmh\Ex09-LCD-2416\JLinkSettings.ini"
 
JLink info:
------------
DLL: V4.50j, compiled Jun 26 2012 09:19:07
Firmware: J-Link ARM-OB STM32 compiled Aug 22 2012 19:52:04
Hardware: V7.00
S/N : 20090928 
Feature(s) : RDI,FlashDL,FlashBP,JFlash,GDBFull 
 
* JLink Info: TotalIRLen = 4, IRPrint = 0x01
* JLink Info: Found Cortex-M3 r2p0, Little endian.
* JLink Info: TPIU fitted.
* JLink Info: ETM fitted.
* JLink Info: FPUnit: 6 code (BP) slots and 2 literal slots
ROMTableAddr = 0xE00FF003
* JLink Info: Found Cortex-M3 r2p0, Little endian.
* JLink Info: TPIU fitted.
* JLink Info: ETM fitted.
* JLink Info: FPUnit: 6 code (BP) slots and 2 literal slots
 
Target info:
------------
Device: LPC1768
VTarget = 3.300V
State of Pins: 
TCK: 1, TDI: 0, TDO: 1, TMS: 0, TRES: 1, TRST: 1
Hardware-Breakpoints: 6
Software-Breakpoints: 8192
Watchpoints:          4
JTAG speed: 4000 kHz
 
Erase Done.
Programming Done.
Verify OK.
compiling game.c...
..\BSP\include\game.h(10): warning:  #260-D: explicit type is missing ("int" assumed)
..\BSP\include\game.h(11): warning:  #1295-D: Deprecated declaration QueueInitiate - give arg types
..\BSP\include\game.h(13): warning:  #1295-D: Deprecated declaration QueueDelete - give arg types
..\BSP\include\game.h(14): warning:  #1295-D: Deprecated declaration QueueGetX - give arg types
..\BSP\include\game.h(15): warning:  #1295-D: Deprecated declaration QueueGetY - give arg types
..\BSP\include\game.h(16): warning:  #1295-D: Deprecated declaration QueueGetLastX - give arg types
..\BSP\include\game.h(17): warning:  #1295-D: Deprecated declaration QueueGetLastY - give arg types
..\BSP\include\game.h(18): warning:  #1295-D: Deprecated declaration gameInitial - give arg types
..\BSP\include\game.h(19): warning:  #1295-D: Deprecated declaration gameOn - give arg types
..\BSP\include\game.h(20): warning:  #1295-D: Deprecated declaration move - give arg types
..\BSP\include\game.h(21): warning:  #1295-D: Deprecated declaration DrawBoundary - give arg types
..\BSP\include\game.h(22): warning:  #1295-D: Deprecated declaration DrawSnake - give arg types
..\BSP\include\game.h(23): warning:  #1295-D: Deprecated declaration DrawFood - give arg types
..\BSP\include\game.h(24): warning:  #1295-D: Deprecated declaration DrawScore - give arg types
..\BSP\include\game.h(25): warning:  #1295-D: Deprecated declaration DrawName - give arg types
..\BSP\include\game.h(26): warning:  #1-D: last line of file ends without a newline
..\BSP\include\game.h(26): warning:  #14-D: extra text after expected end of preprocessing directive
..\BSP\source\game.c(199): warning:  #223-D: function "sprintf" declared implicitly
..\BSP\source\game.c(201): warning:  #167-D: argument of type "char *" is incompatible with parameter of type "unsigned char *"
..\BSP\source\game.c(207): warning:  #223-D: function "rand" declared implicitly
..\BSP\source\game.c(310): warning:  #1-D: last line of file ends without a newline
..\BSP\source\game.c - 0 Error(s), 21 Warning(s).
Build target 'LCD'
linking...
Program Size: Code=4596 RO-data=30412 RW-data=64 ZI-data=30944  
".\Obj\test.axf" - 0 Error(s), 0 Warning(s).
Load "C:\\Documents and Settings\\administrator\\桌面\\zmh\\Ex09-LCD-2416\\Obj\\test.AXF" 
* JLink Info: Device "LPC1768" selected (512 KB flash, 32 KB RAM).
Set JLink Project File to "C:\Documents and Settings\administrator\桌面\zmh\Ex09-LCD-2416\JLinkSettings.ini"
 
JLink info:
------------
DLL: V4.50j, compiled Jun 26 2012 09:19:07
Firmware: J-Link ARM-OB STM32 compiled Aug 22 2012 19:52:04
Hardware: V7.00
S/N : 20090928 
Feature(s) : RDI,FlashDL,FlashBP,JFlash,GDBFull 
 
* JLink Info: TotalIRLen = 4, IRPrint = 0x01
* JLink Info: Found Cortex-M3 r2p0, Little endian.
* JLink Info: TPIU fitted.
* JLink Info: ETM fitted.
* JLink Info: FPUnit: 6 code (BP) slots and 2 literal slots
ROMTableAddr = 0xE00FF003
* JLink Info: Found Cortex-M3 r2p0, Little endian.
* JLink Info: TPIU fitted.
* JLink Info: ETM fitted.
* JLink Info: FPUnit: 6 code (BP) slots and 2 literal slots
 
Target info:
------------
Device: LPC1768
VTarget = 3.300V
State of Pins: 
TCK: 1, TDI: 0, TDO: 1, TMS: 0, TRES: 1, TRST: 1
Hardware-Breakpoints: 6
Software-Breakpoints: 8192
Watchpoints:          4
JTAG speed: 4000 kHz
 
Erase Done.
Programming Done.
Verify OK.
compiling game.c...
..\BSP\include\game.h(10): warning:  #260-D: explicit type is missing ("int" assumed)
..\BSP\include\game.h(11): warning:  #1295-D: Deprecated declaration QueueInitiate - give arg types
..\BSP\include\game.h(13): warning:  #1295-D: Deprecated declaration QueueDelete - give arg types
..\BSP\include\game.h(14): warning:  #1295-D: Deprecated declaration QueueGetX - give arg types
..\BSP\include\game.h(15): warning:  #1295-D: Deprecated declaration QueueGetY - give arg types
..\BSP\include\game.h(16): warning:  #1295-D: Deprecated declaration QueueGetLastX - give arg types
..\BSP\include\game.h(17): warning:  #1295-D: Deprecated declaration QueueGetLastY - give arg types
..\BSP\include\game.h(18): warning:  #1295-D: Deprecated declaration gameInitial - give arg types
..\BSP\include\game.h(19): warning:  #1295-D: Deprecated declaration gameOn - give arg types
..\BSP\include\game.h(20): warning:  #1295-D: Deprecated declaration move - give arg types
..\BSP\include\game.h(21): warning:  #1295-D: Deprecated declaration DrawBoundary - give arg types
..\BSP\include\game.h(22): warning:  #1295-D: Deprecated declaration DrawSnake - give arg types
..\BSP\include\game.h(23): warning:  #1295-D: Deprecated declaration DrawFood - give arg types
..\BSP\include\game.h(24): warning:  #1295-D: Deprecated declaration DrawScore - give arg types
..\BSP\include\game.h(25): warning:  #1295-D: Deprecated declaration DrawName - give arg types
..\BSP\include\game.h(26): warning:  #1-D: last line of file ends without a newline
..\BSP\include\game.h(26): warning:  #14-D: extra text after expected end of preprocessing directive
..\BSP\source\game.c(199): warning:  #223-D: function "sprintf" declared implicitly
..\BSP\source\game.c(201): warning:  #167-D: argument of type "char *" is incompatible with parameter of type "unsigned char *"
..\BSP\source\game.c(207): warning:  #223-D: function "rand" declared implicitly
..\BSP\source\game.c(310): warning:  #1-D: last line of file ends without a newline
..\BSP\source\game.c - 0 Error(s), 21 Warning(s).
Build target 'LCD'
linking...
Program Size: Code=4596 RO-data=30412 RW-data=64 ZI-data=30944  
".\Obj\test.axf" - 0 Error(s), 0 Warning(s).
Load "C:\\Documents and Settings\\administrator\\桌面\\zmh\\Ex09-LCD-2416\\Obj\\test.AXF" 
* JLink Info: Device "LPC1768" selected (512 KB flash, 32 KB RAM).
Set JLink Project File to "C:\Documents and Settings\administrator\桌面\zmh\Ex09-LCD-2416\JLinkSettings.ini"
 
JLink info:
------------
DLL: V4.50j, compiled Jun 26 2012 09:19:07
Firmware: J-Link ARM-OB STM32 compiled Aug 22 2012 19:52:04
Hardware: V7.00
S/N : 20090928 
Feature(s) : RDI,FlashDL,FlashBP,JFlash,GDBFull 
 
* JLink Info: TotalIRLen = 4, IRPrint = 0x01
* JLink Info: Found Cortex-M3 r2p0, Little endian.
* JLink Info: TPIU fitted.
* JLink Info: ETM fitted.
* JLink Info: FPUnit: 6 code (BP) slots and 2 literal slots
ROMTableAddr = 0xE00FF003
* JLink Info: Found Cortex-M3 r2p0, Little endian.
* JLink Info: TPIU fitted.
* JLink Info: ETM fitted.
* JLink Info: FPUnit: 6 code (BP) slots and 2 literal slots
 
Target info:
------------
Device: LPC1768
VTarget = 3.300V
State of Pins: 
TCK: 1, TDI: 0, TDO: 1, TMS: 0, TRES: 1, TRST: 1
Hardware-Breakpoints: 6
Software-Breakpoints: 8192
Watchpoints:          4
JTAG speed: 4000 kHz
 
Erase Done.
Programming Done.
Verify OK.
compiling game.c...
..\BSP\include\game.h(10): warning:  #260-D: explicit type is missing ("int" assumed)
..\BSP\include\game.h(11): warning:  #1295-D: Deprecated declaration QueueInitiate - give arg types
..\BSP\include\game.h(13): warning:  #1295-D: Deprecated declaration QueueDelete - give arg types
..\BSP\include\game.h(14): warning:  #1295-D: Deprecated declaration QueueGetX - give arg types
..\BSP\include\game.h(15): warning:  #1295-D: Deprecated declaration QueueGetY - give arg types
..\BSP\include\game.h(16): warning:  #1295-D: Deprecated declaration QueueGetLastX - give arg types
..\BSP\include\game.h(17): warning:  #1295-D: Deprecated declaration QueueGetLastY - give arg types
..\BSP\include\game.h(18): warning:  #1295-D: Deprecated declaration gameInitial - give arg types
..\BSP\include\game.h(19): warning:  #1295-D: Deprecated declaration gameOn - give arg types
..\BSP\include\game.h(20): warning:  #1295-D: Deprecated declaration move - give arg types
..\BSP\include\game.h(21): warning:  #1295-D: Deprecated declaration DrawBoundary - give arg types
..\BSP\include\game.h(22): warning:  #1295-D: Deprecated declaration DrawSnake - give arg types
..\BSP\include\game.h(23): warning:  #1295-D: Deprecated declaration DrawFood - give arg types
..\BSP\include\game.h(24): warning:  #1295-D: Deprecated declaration DrawScore - give arg types
..\BSP\include\game.h(25): warning:  #1295-D: Deprecated declaration DrawName - give arg types
..\BSP\include\game.h(26): warning:  #1-D: last line of file ends without a newline
..\BSP\include\game.h(26): warning:  #14-D: extra text after expected end of preprocessing directive
..\BSP\source\game.c(199): warning:  #223-D: function "sprintf" declared implicitly
..\BSP\source\game.c(201): warning:  #167-D: argument of type "char *" is incompatible with parameter of type "unsigned char *"
..\BSP\source\game.c(207): warning:  #223-D: function "rand" declared implicitly
..\BSP\source\game.c(310): warning:  #1-D: last line of file ends without a newline
..\BSP\source\game.c - 0 Error(s), 21 Warning(s).
Build target 'LCD'
linking...
Program Size: Code=4596 RO-data=30412 RW-data=64 ZI-data=30944  
".\Obj\test.axf" - 0 Error(s), 0 Warning(s).
Load "C:\\Documents and Settings\\administrator\\桌面\\zmh\\Ex09-LCD-2416\\Obj\\test.AXF" 
* JLink Info: Device "LPC1768" selected (512 KB flash, 32 KB RAM).
Set JLink Project File to "C:\Documents and Settings\administrator\桌面\zmh\Ex09-LCD-2416\JLinkSettings.ini"
 
JLink info:
------------
DLL: V4.50j, compiled Jun 26 2012 09:19:07
Firmware: J-Link ARM-OB STM32 compiled Aug 22 2012 19:52:04
Hardware: V7.00
S/N : 20090928 
Feature(s) : RDI,FlashDL,FlashBP,JFlash,GDBFull 
 
* JLink Info: TotalIRLen = 4, IRPrint = 0x01
* JLink Info: Found Cortex-M3 r2p0, Little endian.
* JLink Info: TPIU fitted.
* JLink Info: ETM fitted.
* JLink Info: FPUnit: 6 code (BP) slots and 2 literal slots
ROMTableAddr = 0xE00FF003
* JLink Info: Found Cortex-M3 r2p0, Little endian.
* JLink Info: TPIU fitted.
* JLink Info: ETM fitted.
* JLink Info: FPUnit: 6 code (BP) slots and 2 literal slots
 
Target info:
------------
Device: LPC1768
VTarget = 3.300V
State of Pins: 
TCK: 1, TDI: 0, TDO: 1, TMS: 0, TRES: 1, TRST: 1
Hardware-Breakpoints: 6
Software-Breakpoints: 8192
Watchpoints:          4
JTAG speed: 4000 kHz
 
Erase Done.
Programming Done.
Verify OK.
compiling game.c...
..\BSP\include\game.h(10): warning:  #260-D: explicit type is missing ("int" assumed)
..\BSP\include\game.h(11): warning:  #1295-D: Deprecated declaration QueueInitiate - give arg types
..\BSP\include\game.h(13): warning:  #1295-D: Deprecated declaration QueueDelete - give arg types
..\BSP\include\game.h(14): warning:  #1295-D: Deprecated declaration QueueGetX - give arg types
..\BSP\include\game.h(15): warning:  #1295-D: Deprecated declaration QueueGetY - give arg types
..\BSP\include\game.h(16): warning:  #1295-D: Deprecated declaration QueueGetLastX - give arg types
..\BSP\include\game.h(17): warning:  #1295-D: Deprecated declaration QueueGetLastY - give arg types
..\BSP\include\game.h(18): warning:  #1295-D: Deprecated declaration gameInitial - give arg types
..\BSP\include\game.h(19): warning:  #1295-D: Deprecated declaration gameOn - give arg types
..\BSP\include\game.h(20): warning:  #1295-D: Deprecated declaration move - give arg types
..\BSP\include\game.h(21): warning:  #1295-D: Deprecated declaration DrawBoundary - give arg types
..\BSP\include\game.h(22): warning:  #1295-D: Deprecated declaration DrawSnake - give arg types
..\BSP\include\game.h(23): warning:  #1295-D: Deprecated declaration DrawFood - give arg types
..\BSP\include\game.h(24): warning:  #1295-D: Deprecated declaration DrawScore - give arg types
..\BSP\include\game.h(25): warning:  #1295-D: Deprecated declaration DrawName - give arg types
..\BSP\include\game.h(26): warning:  #1-D: last line of file ends without a newline
..\BSP\include\game.h(26): warning:  #14-D: extra text after expected end of preprocessing directive
..\BSP\source\game.c(57): warning:  #223-D: function "DelayMs" declared implicitly
..\BSP\source\game.c(205): warning:  #223-D: function "sprintf" declared implicitly
..\BSP\source\game.c(207): warning:  #167-D: argument of type "char *" is incompatible with parameter of type "unsigned char *"
..\BSP\source\game.c(213): warning:  #223-D: function "rand" declared implicitly
..\BSP\source\game.c(316): warning:  #1-D: last line of file ends without a newline
..\BSP\source\game.c - 0 Error(s), 22 Warning(s).
Build target 'LCD'
linking...
Program Size: Code=4640 RO-data=30412 RW-data=64 ZI-data=30944  
".\Obj\test.axf" - 0 Error(s), 0 Warning(s).
Load "C:\\Documents and Settings\\administrator\\桌面\\zmh\\Ex09-LCD-2416\\Obj\\test.AXF" 
* JLink Info: Device "LPC1768" selected (512 KB flash, 32 KB RAM).
Set JLink Project File to "C:\Documents and Settings\administrator\桌面\zmh\Ex09-LCD-2416\JLinkSettings.ini"
 
JLink info:
------------
DLL: V4.50j, compiled Jun 26 2012 09:19:07
Firmware: J-Link ARM-OB STM32 compiled Aug 22 2012 19:52:04
Hardware: V7.00
S/N : 20090928 
Feature(s) : RDI,FlashDL,FlashBP,JFlash,GDBFull 
 
* JLink Info: TotalIRLen = 4, IRPrint = 0x01
* JLink Info: Found Cortex-M3 r2p0, Little endian.
* JLink Info: TPIU fitted.
* JLink Info: ETM fitted.
* JLink Info: FPUnit: 6 code (BP) slots and 2 literal slots
ROMTableAddr = 0xE00FF003
* JLink Info: Found Cortex-M3 r2p0, Little endian.
* JLink Info: TPIU fitted.
* JLink Info: ETM fitted.
* JLink Info: FPUnit: 6 code (BP) slots and 2 literal slots
 
Target info:
------------
Device: LPC1768
VTarget = 3.300V
State of Pins: 
TCK: 1, TDI: 0, TDO: 1, TMS: 0, TRES: 1, TRST: 1
Hardware-Breakpoints: 6
Software-Breakpoints: 8192
Watchpoints:          4
JTAG speed: 4000 kHz
 
Erase Done.
Programming Done.
Verify OK.
compiling main.c...
..\BSP\include\game.h(10): warning:  #260-D: explicit type is missing ("int" assumed)
..\BSP\include\game.h(11): warning:  #1295-D: Deprecated declaration QueueInitiate - give arg types
..\BSP\include\game.h(13): warning:  #1295-D: Deprecated declaration QueueDelete - give arg types
..\BSP\include\game.h(14): warning:  #1295-D: Deprecated declaration QueueGetX - give arg types
..\BSP\include\game.h(15): warning:  #1295-D: Deprecated declaration QueueGetY - give arg types
..\BSP\include\game.h(16): warning:  #1295-D: Deprecated declaration QueueGetLastX - give arg types
..\BSP\include\game.h(17): warning:  #1295-D: Deprecated declaration QueueGetLastY - give arg types
..\BSP\include\game.h(18): warning:  #1295-D: Deprecated declaration gameInitial - give arg types
..\BSP\include\game.h(19): warning:  #1295-D: Deprecated declaration gameOn - give arg types
..\BSP\include\game.h(20): warning:  #1295-D: Deprecated declaration move - give arg types
..\BSP\include\game.h(21): warning:  #1295-D: Deprecated declaration DrawBoundary - give arg types
..\BSP\include\game.h(22): warning:  #1295-D: Deprecated declaration DrawSnake - give arg types
..\BSP\include\game.h(23): warning:  #1295-D: Deprecated declaration DrawFood - give arg types
..\BSP\include\game.h(24): warning:  #1295-D: Deprecated declaration DrawScore - give arg types
..\BSP\include\game.h(25): warning:  #1295-D: Deprecated declaration DrawName - give arg types
..\BSP\include\game.h(26): warning:  #1-D: last line of file ends without a newline
..\BSP\include\game.h(26): warning:  #14-D: extra text after expected end of preprocessing directive
Source\User\main.c(20): warning:  #223-D: function "init_timer0" declared implicitly
Source\User\main.c(25): warning:  #223-D: function "drawLoading" declared implicitly
Source\User\main.c(26): warning:  #223-D: function "DelayMs" declared implicitly
Source\User\main.c(29): warning:  #223-D: function "init_timer1" declared implicitly
Source\User\main.c - 0 Error(s), 21 Warning(s).
Build target 'LCD'
compiling game.c...
..\BSP\include\game.h(10): warning:  #260-D: explicit type is missing ("int" assumed)
..\BSP\include\game.h(11): warning:  #1295-D: Deprecated declaration QueueInitiate - give arg types
..\BSP\include\game.h(13): warning:  #1295-D: Deprecated declaration QueueDelete - give arg types
..\BSP\include\game.h(14): warning:  #1295-D: Deprecated declaration QueueGetX - give arg types
..\BSP\include\game.h(15): warning:  #1295-D: Deprecated declaration QueueGetY - give arg types
..\BSP\include\game.h(16): warning:  #1295-D: Deprecated declaration QueueGetLastX - give arg types
..\BSP\include\game.h(17): warning:  #1295-D: Deprecated declaration QueueGetLastY - give arg types
..\BSP\include\game.h(18): warning:  #1295-D: Deprecated declaration gameInitial - give arg types
..\BSP\include\game.h(19): warning:  #1295-D: Deprecated declaration gameOn - give arg types
..\BSP\include\game.h(20): warning:  #1295-D: Deprecated declaration move - give arg types
..\BSP\include\game.h(21): warning:  #1295-D: Deprecated declaration DrawBoundary - give arg types
..\BSP\include\game.h(22): warning:  #1295-D: Deprecated declaration DrawSnake - give arg types
..\BSP\include\game.h(23): warning:  #1295-D: Deprecated declaration DrawFood - give arg types
..\BSP\include\game.h(24): warning:  #1295-D: Deprecated declaration DrawScore - give arg types
..\BSP\include\game.h(25): warning:  #1295-D: Deprecated declaration DrawName - give arg types
..\BSP\include\game.h(26): warning:  #1-D: last line of file ends without a newline
..\BSP\include\game.h(26): warning:  #14-D: extra text after expected end of preprocessing directive
..\BSP\source\game.c(57): warning:  #223-D: function "DelayMs" declared implicitly
..\BSP\source\game.c(205): warning:  #223-D: function "sprintf" declared implicitly
..\BSP\source\game.c(207): warning:  #167-D: argument of type "char *" is incompatible with parameter of type "unsigned char *"
..\BSP\source\game.c(213): warning:  #223-D: function "rand" declared implicitly
..\BSP\source\game.c(316): warning:  #1-D: last line of file ends without a newline
linking...
Program Size: Code=4640 RO-data=30412 RW-data=64 ZI-data=30944  
".\Obj\test.axf" - 0 Error(s), 22 Warning(s).
compiling game.c...
..\BSP\include\game.h(10): warning:  #260-D: explicit type is missing ("int" assumed)
..\BSP\include\game.h(11): warning:  #1295-D: Deprecated declaration QueueInitiate - give arg types
..\BSP\include\game.h(13): warning:  #1295-D: Deprecated declaration QueueDelete - give arg types
..\BSP\include\game.h(14): warning:  #1295-D: Deprecated declaration QueueGetX - give arg types
..\BSP\include\game.h(15): warning:  #1295-D: Deprecated declaration QueueGetY - give arg types
..\BSP\include\game.h(16): warning:  #1295-D: Deprecated declaration QueueGetLastX - give arg types
..\BSP\include\game.h(17): warning:  #1295-D: Deprecated declaration QueueGetLastY - give arg types
..\BSP\include\game.h(18): warning:  #1295-D: Deprecated declaration gameInitial - give arg types
..\BSP\include\game.h(19): warning:  #1295-D: Deprecated declaration gameOn - give arg types
..\BSP\include\game.h(20): warning:  #1295-D: Deprecated declaration move - give arg types
..\BSP\include\game.h(21): warning:  #1295-D: Deprecated declaration DrawBoundary - give arg types
..\BSP\include\game.h(22): warning:  #1295-D: Deprecated declaration DrawSnake - give arg types
..\BSP\include\game.h(23): warning:  #1295-D: Deprecated declaration DrawFood - give arg types
..\BSP\include\game.h(24): warning:  #1295-D: Deprecated declaration DrawScore - give arg types
..\BSP\include\game.h(25): warning:  #1295-D: Deprecated declaration DrawName - give arg types
..\BSP\include\game.h(26): warning:  #1-D: last line of file ends without a newline
..\BSP\include\game.h(26): warning:  #14-D: extra text after expected end of preprocessing directive
..\BSP\source\game.c(58): warning:  #223-D: function "DelayMs" declared implicitly
..\BSP\source\game.c(205): warning:  #223-D: function "sprintf" declared implicitly
..\BSP\source\game.c(207): warning:  #167-D: argument of type "char *" is incompatible with parameter of type "unsigned char *"
..\BSP\source\game.c(213): warning:  #223-D: function "rand" declared implicitly
..\BSP\source\game.c(316): warning:  #1-D: last line of file ends without a newline
..\BSP\source\game.c - 0 Error(s), 22 Warning(s).
Build target 'LCD'
linking...
Program Size: Code=4640 RO-data=30412 RW-data=64 ZI-data=30944  
".\Obj\test.axf" - 0 Error(s), 0 Warning(s).
Load "C:\\Documents and Settings\\administrator\\桌面\\zmh\\Ex09-LCD-2416\\Obj\\test.AXF" 
* JLink Info: Device "LPC1768" selected (512 KB flash, 32 KB RAM).
Set JLink Project File to "C:\Documents and Settings\administrator\桌面\zmh\Ex09-LCD-2416\JLinkSettings.ini"
 
JLink info:
------------
DLL: V4.50j, compiled Jun 26 2012 09:19:07
Firmware: J-Link ARM-OB STM32 compiled Aug 22 2012 19:52:04
Hardware: V7.00
S/N : 20090928 
Feature(s) : RDI,FlashDL,FlashBP,JFlash,GDBFull 
 
* JLink Info: TotalIRLen = 4, IRPrint = 0x01
* JLink Info: Found Cortex-M3 r2p0, Little endian.
* JLink Info: TPIU fitted.
* JLink Info: ETM fitted.
* JLink Info: FPUnit: 6 code (BP) slots and 2 literal slots
ROMTableAddr = 0xE00FF003
* JLink Info: Found Cortex-M3 r2p0, Little endian.
* JLink Info: TPIU fitted.
* JLink Info: ETM fitted.
* JLink Info: FPUnit: 6 code (BP) slots and 2 literal slots
 
Target info:
------------
Device: LPC1768
VTarget = 3.300V
State of Pins: 
TCK: 1, TDI: 0, TDO: 1, TMS: 0, TRES: 1, TRST: 1
Hardware-Breakpoints: 6
Software-Breakpoints: 8192
Watchpoints:          4
JTAG speed: 4000 kHz
 
Erase Done.
Programming Done.
Verify OK.
compiling game.c...
..\BSP\include\game.h(10): warning:  #260-D: explicit type is missing ("int" assumed)
..\BSP\include\game.h(11): warning:  #1295-D: Deprecated declaration QueueInitiate - give arg types
..\BSP\include\game.h(13): warning:  #1295-D: Deprecated declaration QueueDelete - give arg types
..\BSP\include\game.h(14): warning:  #1295-D: Deprecated declaration QueueGetX - give arg types
..\BSP\include\game.h(15): warning:  #1295-D: Deprecated declaration QueueGetY - give arg types
..\BSP\include\game.h(16): warning:  #1295-D: Deprecated declaration QueueGetLastX - give arg types
..\BSP\include\game.h(17): warning:  #1295-D: Deprecated declaration QueueGetLastY - give arg types
..\BSP\include\game.h(18): warning:  #1295-D: Deprecated declaration gameInitial - give arg types
..\BSP\include\game.h(19): warning:  #1295-D: Deprecated declaration gameOn - give arg types
..\BSP\include\game.h(20): warning:  #1295-D: Deprecated declaration move - give arg types
..\BSP\include\game.h(21): warning:  #1295-D: Deprecated declaration DrawBoundary - give arg types
..\BSP\include\game.h(22): warning:  #1295-D: Deprecated declaration DrawSnake - give arg types
..\BSP\include\game.h(23): warning:  #1295-D: Deprecated declaration DrawFood - give arg types
..\BSP\include\game.h(24): warning:  #1295-D: Deprecated declaration DrawScore - give arg types
..\BSP\include\game.h(25): warning:  #1295-D: Deprecated declaration DrawName - give arg types
..\BSP\include\game.h(26): warning:  #1-D: last line of file ends without a newline
..\BSP\include\game.h(26): warning:  #14-D: extra text after expected end of preprocessing directive
..\BSP\source\game.c(59): warning:  #223-D: function "DelayMs" declared implicitly
..\BSP\source\game.c(207): warning:  #223-D: function "sprintf" declared implicitly
..\BSP\source\game.c(209): warning:  #167-D: argument of type "char *" is incompatible with parameter of type "unsigned char *"
..\BSP\source\game.c(215): warning:  #223-D: function "rand" declared implicitly
..\BSP\source\game.c(318): warning:  #1-D: last line of file ends without a newline
..\BSP\source\game.c - 0 Error(s), 22 Warning(s).
Build target 'LCD'
linking...
Program Size: Code=4640 RO-data=30412 RW-data=64 ZI-data=30944  
".\Obj\test.axf" - 0 Error(s), 0 Warning(s).
Load "C:\\Documents and Settings\\administrator\\桌面\\zmh\\Ex09-LCD-2416\\Obj\\test.AXF" 
* JLink Info: Device "LPC1768" selected (512 KB flash, 32 KB RAM).
Set JLink Project File to "C:\Documents and Settings\administrator\桌面\zmh\Ex09-LCD-2416\JLinkSettings.ini"
 
JLink info:
------------
DLL: V4.50j, compiled Jun 26 2012 09:19:07
Firmware: J-Link ARM-OB STM32 compiled Aug 22 2012 19:52:04
Hardware: V7.00
S/N : 20090928 
Feature(s) : RDI,FlashDL,FlashBP,JFlash,GDBFull 
 
* JLink Info: TotalIRLen = 4, IRPrint = 0x01
* JLink Info: Found Cortex-M3 r2p0, Little endian.
* JLink Info: TPIU fitted.
* JLink Info: ETM fitted.
* JLink Info: FPUnit: 6 code (BP) slots and 2 literal slots
ROMTableAddr = 0xE00FF003
* JLink Info: Found Cortex-M3 r2p0, Little endian.
* JLink Info: TPIU fitted.
* JLink Info: ETM fitted.
* JLink Info: FPUnit: 6 code (BP) slots and 2 literal slots
 
Target info:
------------
Device: LPC1768
VTarget = 3.300V
State of Pins: 
TCK: 1, TDI: 0, TDO: 1, TMS: 0, TRES: 1, TRST: 1
Hardware-Breakpoints: 6
Software-Breakpoints: 8192
Watchpoints:          4
JTAG speed: 4000 kHz
 
Erase Done.
Programming Done.
Verify OK.
compiling main.c...
..\BSP\include\game.h(10): warning:  #260-D: explicit type is missing ("int" assumed)
..\BSP\include\game.h(11): warning:  #1295-D: Deprecated declaration QueueInitiate - give arg types
..\BSP\include\game.h(13): warning:  #1295-D: Deprecated declaration QueueDelete - give arg types
..\BSP\include\game.h(14): warning:  #1295-D: Deprecated declaration QueueGetX - give arg types
..\BSP\include\game.h(15): warning:  #1295-D: Deprecated declaration QueueGetY - give arg types
..\BSP\include\game.h(16): warning:  #1295-D: Deprecated declaration QueueGetLastX - give arg types
..\BSP\include\game.h(17): warning:  #1295-D: Deprecated declaration QueueGetLastY - give arg types
..\BSP\include\game.h(18): warning:  #1295-D: Deprecated declaration gameInitial - give arg types
..\BSP\include\game.h(19): warning:  #1295-D: Deprecated declaration gameOn - give arg types
..\BSP\include\game.h(20): warning:  #1295-D: Deprecated declaration move - give arg types
..\BSP\include\game.h(21): warning:  #1295-D: Deprecated declaration DrawBoundary - give arg types
..\BSP\include\game.h(22): warning:  #1295-D: Deprecated declaration DrawSnake - give arg types
..\BSP\include\game.h(23): warning:  #1295-D: Deprecated declaration DrawFood - give arg types
..\BSP\include\game.h(24): warning:  #1295-D: Deprecated declaration DrawScore - give arg types
..\BSP\include\game.h(25): warning:  #1295-D: Deprecated declaration DrawName - give arg types
..\BSP\include\game.h(26): warning:  #1-D: last line of file ends without a newline
..\BSP\include\game.h(26): warning:  #14-D: extra text after expected end of preprocessing directive
Source\User\main.c(20): warning:  #223-D: function "init_timer0" declared implicitly
Source\User\main.c(25): warning:  #223-D: function "drawLoading" declared implicitly
Source\User\main.c(26): warning:  #223-D: function "DelayMs" declared implicitly
Source\User\main.c(29): warning:  #223-D: function "init_timer1" declared implicitly
Source\User\main.c - 0 Error(s), 21 Warning(s).
Build target 'LCD'
linking...
Program Size: Code=4640 RO-data=30412 RW-data=64 ZI-data=30944  
".\Obj\test.axf" - 0 Error(s), 0 Warning(s).
Load "C:\\Documents and Settings\\administrator\\桌面\\zmh\\Ex09-LCD-2416\\Obj\\test.AXF" 
* JLink Info: Device "LPC1768" selected (512 KB flash, 32 KB RAM).
Set JLink Project File to "C:\Documents and Settings\administrator\桌面\zmh\Ex09-LCD-2416\JLinkSettings.ini"
 
JLink info:
------------
DLL: V4.50j, compiled Jun 26 2012 09:19:07
Firmware: J-Link ARM-OB STM32 compiled Aug 22 2012 19:52:04
Hardware: V7.00
S/N : 20090928 
Feature(s) : RDI,FlashDL,FlashBP,JFlash,GDBFull 
 
* JLink Info: TotalIRLen = 4, IRPrint = 0x01
* JLink Info: Found Cortex-M3 r2p0, Little endian.
* JLink Info: TPIU fitted.
* JLink Info: ETM fitted.
* JLink Info: FPUnit: 6 code (BP) slots and 2 literal slots
ROMTableAddr = 0xE00FF003
* JLink Info: Found Cortex-M3 r2p0, Little endian.
* JLink Info: TPIU fitted.
* JLink Info: ETM fitted.
* JLink Info: FPUnit: 6 code (BP) slots and 2 literal slots
 
Target info:
------------
Device: LPC1768
VTarget = 3.300V
State of Pins: 
TCK: 1, TDI: 0, TDO: 1, TMS: 0, TRES: 1, TRST: 1
Hardware-Breakpoints: 6
Software-Breakpoints: 8192
Watchpoints:          4
JTAG speed: 4000 kHz
 
Erase Done.
Programming Done.
Verify OK.
compiling main.c...
..\BSP\include\game.h(10): warning:  #260-D: explicit type is missing ("int" assumed)
..\BSP\include\game.h(11): warning:  #1295-D: Deprecated declaration QueueInitiate - give arg types
..\BSP\include\game.h(13): warning:  #1295-D: Deprecated declaration QueueDelete - give arg types
..\BSP\include\game.h(14): warning:  #1295-D: Deprecated declaration QueueGetX - give arg types
..\BSP\include\game.h(15): warning:  #1295-D: Deprecated declaration QueueGetY - give arg types
..\BSP\include\game.h(16): warning:  #1295-D: Deprecated declaration QueueGetLastX - give arg types
..\BSP\include\game.h(17): warning:  #1295-D: Deprecated declaration QueueGetLastY - give arg types
..\BSP\include\game.h(18): warning:  #1295-D: Deprecated declaration gameInitial - give arg types
..\BSP\include\game.h(19): warning:  #1295-D: Deprecated declaration gameOn - give arg types
..\BSP\include\game.h(20): warning:  #1295-D: Deprecated declaration move - give arg types
..\BSP\include\game.h(21): warning:  #1295-D: Deprecated declaration DrawBoundary - give arg types
..\BSP\include\game.h(22): warning:  #1295-D: Deprecated declaration DrawSnake - give arg types
..\BSP\include\game.h(23): warning:  #1295-D: Deprecated declaration DrawFood - give arg types
..\BSP\include\game.h(24): warning:  #1295-D: Deprecated declaration DrawScore - give arg types
..\BSP\include\game.h(25): warning:  #1295-D: Deprecated declaration DrawName - give arg types
..\BSP\include\game.h(26): warning:  #1-D: last line of file ends without a newline
..\BSP\include\game.h(26): warning:  #14-D: extra text after expected end of preprocessing directive
Source\User\main.c(20): warning:  #223-D: function "init_timer0" declared implicitly
Source\User\main.c(25): warning:  #223-D: function "drawLoading" declared implicitly
Source\User\main.c(26): warning:  #223-D: function "DelayMs" declared implicitly
Source\User\main.c(29): warning:  #223-D: function "init_timer1" declared implicitly
Source\User\main.c - 0 Error(s), 21 Warning(s).
Build target 'LCD'
linking...
Program Size: Code=4640 RO-data=30412 RW-data=64 ZI-data=30944  
".\Obj\test.axf" - 0 Error(s), 0 Warning(s).
compiling main.c...
..\BSP\include\game.h(10): warning:  #260-D: explicit type is missing ("int" assumed)
..\BSP\include\game.h(11): warning:  #1295-D: Deprecated declaration QueueInitiate - give arg types
..\BSP\include\game.h(13): warning:  #1295-D: Deprecated declaration QueueDelete - give arg types
..\BSP\include\game.h(14): warning:  #1295-D: Deprecated declaration QueueGetX - give arg types
..\BSP\include\game.h(15): warning:  #1295-D: Deprecated declaration QueueGetY - give arg types
..\BSP\include\game.h(16): warning:  #1295-D: Deprecated declaration QueueGetLastX - give arg types
..\BSP\include\game.h(17): warning:  #1295-D: Deprecated declaration QueueGetLastY - give arg types
..\BSP\include\game.h(18): warning:  #1295-D: Deprecated declaration gameInitial - give arg types
..\BSP\include\game.h(19): warning:  #1295-D: Deprecated declaration gameOn - give arg types
..\BSP\include\game.h(20): warning:  #1295-D: Deprecated declaration move - give arg types
..\BSP\include\game.h(21): warning:  #1295-D: Deprecated declaration DrawBoundary - give arg types
..\BSP\include\game.h(22): warning:  #1295-D: Deprecated declaration DrawSnake - give arg types
..\BSP\include\game.h(23): warning:  #1295-D: Deprecated declaration DrawFood - give arg types
..\BSP\include\game.h(24): warning:  #1295-D: Deprecated declaration DrawScore - give arg types
..\BSP\include\game.h(25): warning:  #1295-D: Deprecated declaration DrawName - give arg types
..\BSP\include\game.h(26): warning:  #1-D: last line of file ends without a newline
..\BSP\include\game.h(26): warning:  #14-D: extra text after expected end of preprocessing directive
Source\User\main.c(20): warning:  #223-D: function "init_timer0" declared implicitly
Source\User\main.c(25): warning:  #223-D: function "drawLoading" declared implicitly
Source\User\main.c(26): warning:  #223-D: function "DelayMs" declared implicitly
Source\User\main.c(29): warning:  #223-D: function "init_timer1" declared implicitly
Source\User\main.c - 0 Error(s), 21 Warning(s).
Build target 'LCD'
compiling game.c...
..\BSP\include\game.h(10): warning:  #260-D: explicit type is missing ("int" assumed)
..\BSP\include\game.h(11): warning:  #1295-D: Deprecated declaration QueueInitiate - give arg types
..\BSP\include\game.h(13): warning:  #1295-D: Deprecated declaration QueueDelete - give arg types
..\BSP\include\game.h(14): warning:  #1295-D: Deprecated declaration QueueGetX - give arg types
..\BSP\include\game.h(15): warning:  #1295-D: Deprecated declaration QueueGetY - give arg types
..\BSP\include\game.h(16): warning:  #1295-D: Deprecated declaration QueueGetLastX - give arg types
..\BSP\include\game.h(17): warning:  #1295-D: Deprecated declaration QueueGetLastY - give arg types
..\BSP\include\game.h(18): warning:  #1295-D: Deprecated declaration gameInitial - give arg types
..\BSP\include\game.h(19): warning:  #1295-D: Deprecated declaration gameOn - give arg types
..\BSP\include\game.h(20): warning:  #1295-D: Deprecated declaration move - give arg types
..\BSP\include\game.h(21): warning:  #1295-D: Deprecated declaration DrawBoundary - give arg types
..\BSP\include\game.h(22): warning:  #1295-D: Deprecated declaration DrawSnake - give arg types
..\BSP\include\game.h(23): warning:  #1295-D: Deprecated declaration DrawFood - give arg types
..\BSP\include\game.h(24): warning:  #1295-D: Deprecated declaration DrawScore - give arg types
..\BSP\include\game.h(25): warning:  #1295-D: Deprecated declaration DrawName - give arg types
..\BSP\include\game.h(26): warning:  #1-D: last line of file ends without a newline
..\BSP\include\game.h(26): warning:  #14-D: extra text after expected end of preprocessing directive
..\BSP\source\game.c(59): warning:  #223-D: function "DelayMs" declared implicitly
..\BSP\source\game.c(207): warning:  #223-D: function "sprintf" declared implicitly
..\BSP\source\game.c(209): warning:  #167-D: argument of type "char *" is incompatible with parameter of type "unsigned char *"
..\BSP\source\game.c(215): warning:  #223-D: function "rand" declared implicitly
..\BSP\source\game.c(318): warning:  #1-D: last line of file ends without a newline
linking...
Program Size: Code=4640 RO-data=30412 RW-data=64 ZI-data=30944  
".\Obj\test.axf" - 0 Error(s), 22 Warning(s).
